--------- beginning of /dev/log/system
D/PhoneStatusBar(  330): disable: < expand icons alerts ticker system_info BACK* HOME* RECENT CLOCK* >
W/WindowManager(  254): App freeze timeout expired.
I/ActivityManager(  254): Start proc com.google.android.gm for service com.google.android.gm/.provider.MailSyncAdapterService: pid=16255 uid=10018 gids={3003, 1015, 1028}
I/WindowManager(  254): Lock screen displayed!
D/PhoneStatusBar(  330): disable: < expand icons alerts ticker system_info BACK HOME recent* CLOCK >
D/PhoneStatusBar(  330): disable: < expand icons alerts ticker system_info back* home* recent clock* >
W/InputMethodManagerService(  254): Window already focused, ignoring focus gain of: com.android.internal.view.IInputMethodClient$Stub$Proxy@41674db8 attribute=null
I/ActivityManager(  254): Config changed: {1.0 310mcc120mnc en_US sw320dp w533dp h294dp nrml long land finger -keyb/v/h -nav/h s.53}
D/PhoneStatusBar(  330): disable: < expand icons alerts ticker system_info back home RECENT* clock >
I/ActivityManager(  254): Config changed: {1.0 310mcc120mnc en_US sw320dp w320dp h508dp nrml long port finger -keyb/v/h -nav/h s.54}
D/PhoneStatusBar(  330): disable: < expand icons alerts ticker system_info BACK* HOME* RECENT CLOCK* >
W/WindowManager(  254): App freeze timeout expired.
W/ThrottleService(  254): unable to find stats for iface rmnet0
I/ActivityManager(  254): No longer want com.android.sprintmenu (pid 15940): hidden #16
W/ActivityManager(  254): Scheduling restart of crashed service com.android.sprintmenu/.HiddenPhoneService in 5000ms
I/ActivityManager(  254): Start proc com.android.sprintmenu for service com.android.sprintmenu/.HiddenPhoneService: pid=16316 uid=1001 gids={3002, 3001, 3003, 1015, 1028}
W/ThrottleService(  254): unable to find stats for iface rmnet0
I/ActivityManager(  254): No longer want edu.buffalo.cse.phonelab.heartbeat (pid 16133): hidden #16
W/ThrottleService(  254): unable to find stats for iface rmnet0
W/ThrottleService(  254): unable to find stats for iface rmnet0
I/ActivityManager(  254): Start proc com.android.calendar for broadcast com.android.calendar/.widget.CalendarAppWidgetService$CalendarFactory: pid=16338 uid=10005 gids={3003, 1028}
I/ActivityManager(  254): No longer want com.android.keychain (pid 16023): hidden #16
I/ActivityManager(  254): Start proc com.android.deskclock for broadcast com.android.deskclock/.AlarmInitReceiver: pid=16354 uid=10010 gids={1028}
I/ActivityManager(  254): No longer want com.android.gallery3d (pid 16008): hidden #16
I/ActivityManager(  254): Start proc com.android.providers.calendar for content provider com.android.providers.calendar/.CalendarProvider2: pid=16360 uid=10006 gids={3003, 1015, 1028}
I/ActivityManager(  254): No longer want com.google.android.partnersetup (pid 16063): hidden #16
I/ActivityManager(  254): No longer want com.android.voicedialer (pid 16037): hidden #16
D/PhoneStatusBar(  330): addNotification score=0
I/ActivityManager(  254): Start proc android.process.media for content provider com.android.providers.media/.MediaProvider: pid=16395 uid=10011 gids={1015, 1023, 1024, 1028, 2001, 3003, 3007}
I/ActivityManager(  254): No longer want com.svox.pico (pid 14327): hidden #16
I/WindowManager(  254): Lock screen displayed!
D/PhoneStatusBar(  330): disable: < expand icons alerts ticker system_info BACK HOME recent* CLOCK >
D/PhoneStatusBar(  330): disable: < expand icons alerts ticker system_info back* home* recent clock* >
E/PowerManagerService(  254): Excessive delay setting brightness: 149ms, mask=2
D/PhoneStatusBar(  330): disable: < expand icons alerts ticker system_info back home RECENT* clock >
D/PhoneStatusBar(  330): disable: < expand icons alerts ticker system_info BACK* HOME* RECENT CLOCK* >
W/ThrottleService(  254): unable to find stats for iface rmnet0
V/BackupManagerService(  254): Running a backup pass
V/BackupManagerService(  254): clearing pending backups
V/PerformBackupTask(  254): Beginning backup of 1 targets
D/PerformBackupTask(  254): invokeAgentForBackup on @pm@
I/PerformBackupTask(  254): no backup data written; not calling transport
D/PerformBackupTask(  254): starting agent for backup of BackupRequest{pkg=android}
D/BackupManagerService(  254): awaiting agent for ApplicationInfo{4169cf20 android}
D/BackupManagerService(  254): agentConnected pkg=android agent=android.app.backup.BackupAgent$BackupServiceBinder@41f57148
I/BackupManagerService(  254): got agent android.app.backup.BackupAgent$BackupServiceBinder@41f57148
D/PerformBackupTask(  254): invokeAgentForBackup on android
I/PerformBackupTask(  254): Backup pass finished.
I/ActivityManager(  254): Start proc edu.buffalo.cse.phonelab.heartbeat for broadcast edu.buffalo.cse.phonelab.heartbeat/.AlarmReceiver: pid=16426 uid=10041 gids={3003, 1028}
I/ActivityManager(  254): No longer want com.noshufou.android.su (pid 16049): hidden #16
W/ThrottleService(  254): unable to find stats for iface rmnet0
W/ThrottleService(  254): unable to find stats for iface rmnet0
W/ThrottleService(  254): unable to find stats for iface rmnet0
I/WindowManager(  254): Lock screen displayed!
D/PhoneStatusBar(  330): disable: < expand icons alerts ticker system_info BACK HOME recent* CLOCK >
D/PhoneStatusBar(  330): disable: < expand icons alerts ticker system_info back* home* recent clock* >
W/InputMethodManagerService(  254): Window already focused, ignoring focus gain of: com.android.internal.view.IInputMethodClient$Stub$Proxy@41d7caa8 attribute=android.view.inputmethod.EditorInfo@41d79280
W/ActivityManager(  254): No content provider found for permission revoke: file:///data/local/tmp/Cobra.apk
W/ActivityManager(  254): No content provider found for permission revoke: file:///data/local/tmp/Cobra.apk
W/PackageParser(  254): Unknown element under <manifest>: user-feature at /data/app/vmdl271586160.tmp Binary XML file line #25
W/PackageParser(  254): Unknown element under <manifest>: user-feature at /data/app/vmdl271586160.tmp Binary XML file line #26
I/ActivityManager(  254): Force stopping package com.example.cobra uid=10068
I/ActivityManager(  254): Killing proc 16202:com.example.cobra/u0a68: force stop
W/ActivityManager(  254): Force removing ActivityRecord{4168b2e8 com.example.cobra/.MainActivity}: app died, no saved state
I/WindowState(  254): WIN DEATH: Window{41be7be0 SurfaceView paused=false}
I/WindowState(  254): WIN DEATH: Window{41b3e010 com.example.cobra/com.example.cobra.MainActivity paused=false}
W/InputMethodManagerService(  254): Got RemoteException sending setActive(false) notification to pid 16202 uid 10068
I/PackageManager(  254): Package com.example.cobra codePath changed from /data/app/com.example.cobra-1.apk to /data/app/com.example.cobra-2.apk; Retaining data and using new
I/ActivityManager(  254): Force stopping package com.example.cobra uid=10068
W/PackageManager(  254): Code path for pkg : com.example.cobra changing from /data/app/com.example.cobra-1.apk to /data/app/com.example.cobra-2.apk
W/PackageManager(  254): Resource path for pkg : com.example.cobra changing from /data/app/com.example.cobra-1.apk to /data/app/com.example.cobra-2.apk
D/BackupManagerService(  254): Now staging backup of android
I/ActivityManager(  254): Force stopping package com.example.cobra uid=10068
I/ActivityManager(  254): Start proc com.android.gallery3d for broadcast com.android.gallery3d/.app.PackagesMonitor: pid=16464 uid=10016 gids={1006, 3003, 1015, 1028}
D/BackupManagerService(  254): Received broadcast Intent { act=android.intent.action.PACKAGE_REMOVED dat=package:com.example.cobra flg=0x8000010 (has extras) }
D/BackupManagerService(  254): Received broadcast Intent { act=android.intent.action.PACKAGE_ADDED dat=package:com.example.cobra flg=0x8000010 (has extras) }
V/BackupManagerService(  254): removePackageParticipantsLocked: uid=10068 #1
V/BackupManagerService(  254): addPackageParticipantsLocked: #1
W/InputMethodManagerService(  254): Found no subtypes in a system IME: com.android.inputmethod.pinyin
I/ActivityManager(  254): Start proc com.android.keychain for broadcast com.android.keychain/.KeyChainBroadcastReceiver: pid=16481 uid=1000 gids={1015, 3002, 3001, 3003, 1028, 3007}
I/ActivityManager(  254): Start proc com.android.voicedialer for broadcast com.android.voicedialer/.VoiceDialerReceiver: pid=16495 uid=10054 gids={3002, 1028}
I/ActivityManager(  254): Start proc com.noshufou.android.su for broadcast com.noshufou.android.su/.UninstallReceiver: pid=16508 uid=10060 gids={3003, 1015, 1028}
I/ActivityManager(  254): No longer want com.qihoo.appstore (pid 12146): hidden #16
I/ActivityManager(  254): No longer want com.android.sprintmenu (pid 16316): hidden #16
W/ActivityManager(  254): Scheduling restart of crashed service com.android.sprintmenu/.HiddenPhoneService in 5000ms
W/ActivityManager(  254): Scheduling restart of crashed service com.qihoo.appstore/com.qihoo.express.mini.service.QHPushService in 14977ms
I/ActivityManager(  254): No longer want com.android.deskclock (pid 16354): hidden #16
I/ActivityManager(  254): START {act=android.intent.action.MAIN cat=[android.intent.category.LAUNCHER] flg=0x10000000 cmp=com.example.cobra/.MainActivity u=0} from pid 16526
I/ActivityManager(  254): Start proc com.example.cobra for activity com.example.cobra/.MainActivity: pid=16538 uid=10068 gids={1006, 1028}
I/ActivityManager(  254): Start proc com.google.android.partnersetup for broadcast com.google.android.partnersetup/.RlzPingBroadcastReceiver: pid=16552 uid=10022 gids={3003, 1028}
I/ActivityManager(  254): Start proc com.svox.pico for broadcast com.svox.pico/.VoiceDataInstallerReceiver: pid=16568 uid=10043 gids={1015, 1028}
I/ActivityManager(  254): Start proc com.qihoo.appstore for broadcast com.qihoo.appstore/.activities.AppStatusReceiver: pid=16590 uid=10064 gids={3003, 1015, 3002, 1028}
I/ActivityManager(  254): No longer want com.android.providers.calendar (pid 16360): hidden #16
I/ActivityManager(  254): No longer want com.android.calendar (pid 16338): hidden #16
I/ActivityManager(  254): Start proc com.android.sprintmenu for service com.android.sprintmenu/.HiddenPhoneService: pid=16610 uid=1001 gids={3002, 3001, 3003, 1015, 1028}
I/ActivityManager(  254): Config changed: {1.0 310mcc120mnc en_US sw320dp w533dp h294dp nrml long land finger -keyb/v/h -nav/h s.55}
D/PhoneStatusBar(  330): disable: < expand icons alerts ticker system_info back home RECENT* clock >
I/ActivityManager(  254): Config changed: {1.0 310mcc120mnc en_US sw320dp w320dp h508dp nrml long port finger -keyb/v/h -nav/h s.56}
D/PhoneStatusBar(  330): disable: < expand icons alerts ticker system_info BACK* HOME* RECENT CLOCK* >
W/WindowManager(  254): App freeze timeout expired.
W/ThrottleService(  254): unable to find stats for iface rmnet0
W/ThrottleService(  254): unable to find stats for iface rmnet0
I/ActivityManager(  254): Start proc com.android.calendar for broadcast com.android.calendar/.widget.CalendarAppWidgetService$CalendarFactory: pid=16657 uid=10005 gids={3003, 1028}
I/ActivityManager(  254): No longer want android.process.media (pid 16395): hidden #16
I/ActivityManager(  254): Start proc com.android.providers.calendar for content provider com.android.providers.calendar/.CalendarProvider2: pid=16673 uid=10006 gids={3003, 1015, 1028}
I/ActivityManager(  254): No longer want com.google.android.gm (pid 16255): hidden #16
W/ThrottleService(  254): unable to find stats for iface rmnet0
I/ActivityManager(  254): No longer want com.android.gallery3d (pid 16464): hidden #16
I/ActivityManager(  254): No longer want com.android.keychain (pid 16481): hidden #17
I/ActivityManager(  254): No longer want edu.buffalo.cse.phonelab.heartbeat (pid 16426): hidden #18
V/BackupManagerService(  254): Running a backup pass
V/BackupManagerService(  254): clearing pending backups
V/PerformBackupTask(  254): Beginning backup of 1 targets
D/PerformBackupTask(  254): invokeAgentForBackup on @pm@
I/PerformBackupTask(  254): no backup data written; not calling transport
D/PerformBackupTask(  254): starting agent for backup of BackupRequest{pkg=android}
D/BackupManagerService(  254): awaiting agent for ApplicationInfo{4169cf20 android}
D/BackupManagerService(  254): agentConnected pkg=android agent=android.app.backup.BackupAgent$BackupServiceBinder@418f6650
I/BackupManagerService(  254): got agent android.app.backup.BackupAgent$BackupServiceBinder@418f6650
D/PerformBackupTask(  254): invokeAgentForBackup on android
I/PerformBackupTask(  254): Backup pass finished.
I/ActivityManager(  254): Start proc edu.buffalo.cse.phonelab.heartbeat for broadcast edu.buffalo.cse.phonelab.heartbeat/.AlarmReceiver: pid=16695 uid=10041 gids={3003, 1028}
I/ActivityManager(  254): No longer want com.google.android.partnersetup (pid 16552): hidden #16
W/ThrottleService(  254): unable to find stats for iface rmnet0
I/WindowManager(  254): Lock screen displayed!
D/PhoneStatusBar(  330): disable: < expand icons alerts ticker system_info BACK HOME recent* CLOCK >
D/PhoneStatusBar(  330): disable: < expand icons alerts ticker system_info back* home* recent clock* >
W/ActivityManager(  254): No content provider found for permission revoke: file:///data/local/tmp/Cobra.apk
W/ActivityManager(  254): No content provider found for permission revoke: file:///data/local/tmp/Cobra.apk
W/PackageParser(  254): Unknown element under <manifest>: user-feature at /data/app/vmdl1779351674.tmp Binary XML file line #25
W/PackageParser(  254): Unknown element under <manifest>: user-feature at /data/app/vmdl1779351674.tmp Binary XML file line #26
I/ActivityManager(  254): Force stopping package com.example.cobra uid=10068
I/ActivityManager(  254): Killing proc 16538:com.example.cobra/u0a68: force stop
W/ActivityManager(  254): Force removing ActivityRecord{4166d1c8 com.example.cobra/.MainActivity}: app died, no saved state
I/WindowState(  254): WIN DEATH: Window{41a426e8 SurfaceView paused=false}
I/WindowState(  254): WIN DEATH: Window{419fb528 com.example.cobra/com.example.cobra.MainActivity paused=false}
I/PackageManager(  254): Package com.example.cobra codePath changed from /data/app/com.example.cobra-2.apk to /data/app/com.example.cobra-1.apk; Retaining data and using new
W/InputMethodManagerService(  254): Got RemoteException sending setActive(false) notification to pid 16538 uid 10068
I/ActivityManager(  254): Force stopping package com.example.cobra uid=10068
W/PackageManager(  254): Code path for pkg : com.example.cobra changing from /data/app/com.example.cobra-2.apk to /data/app/com.example.cobra-1.apk
W/PackageManager(  254): Resource path for pkg : com.example.cobra changing from /data/app/com.example.cobra-2.apk to /data/app/com.example.cobra-1.apk
D/BackupManagerService(  254): Now staging backup of android
I/ActivityManager(  254): Force stopping package com.example.cobra uid=10068
I/ActivityManager(  254): Start proc com.android.gallery3d for broadcast com.android.gallery3d/.app.PackagesMonitor: pid=16729 uid=10016 gids={1006, 3003, 1015, 1028}
D/BackupManagerService(  254): Received broadcast Intent { act=android.intent.action.PACKAGE_REMOVED dat=package:com.example.cobra flg=0x8000010 (has extras) }
I/ActivityManager(  254): Start proc com.android.keychain for broadcast com.android.keychain/.KeyChainBroadcastReceiver: pid=16743 uid=1000 gids={1015, 3002, 3001, 3003, 1028, 3007}
D/BackupManagerService(  254): Received broadcast Intent { act=android.intent.action.PACKAGE_ADDED dat=package:com.example.cobra flg=0x8000010 (has extras) }
V/BackupManagerService(  254): removePackageParticipantsLocked: uid=10068 #1
V/BackupManagerService(  254): addPackageParticipantsLocked: #1
I/ActivityManager(  254): Start proc com.google.android.partnersetup for broadcast com.google.android.partnersetup/.RlzPingBroadcastReceiver: pid=16759 uid=10022 gids={3003, 1028}
I/ActivityManager(  254): No longer want com.svox.pico (pid 16568): hidden #16
I/ActivityManager(  254): Start proc com.svox.pico for broadcast com.svox.pico/.VoiceDataInstallerReceiver: pid=16774 uid=10043 gids={1015, 1028}
W/InputMethodManagerService(  254): Found no subtypes in a system IME: com.android.inputmethod.pinyin
I/ActivityManager(  254): No longer want com.android.sprintmenu (pid 16610): hidden #16
W/ActivityManager(  254): Scheduling restart of crashed service com.android.sprintmenu/.HiddenPhoneService in 5000ms
I/ActivityManager(  254): START {act=android.intent.action.MAIN cat=[android.intent.category.LAUNCHER] flg=0x10000000 cmp=com.example.cobra/.MainActivity u=0} from pid 16793
I/ActivityManager(  254): Start proc com.example.cobra for activity com.example.cobra/.MainActivity: pid=16805 uid=10068 gids={1006, 1028}
E/AndroidRuntime(16805): FATAL EXCEPTION: main
E/AndroidRuntime(16805): java.lang.RuntimeException: Unable to start activity ComponentInfo{com.example.cobra/com.example.cobra.MainActivity}: java.lang.ClassCastException: android.widget.ImageView cannot be cast to android.view.SurfaceView
E/AndroidRuntime(16805): 	at android.app.ActivityThread.performLaunchActivity(ActivityThread.java:2059)
E/AndroidRuntime(16805): 	at android.app.ActivityThread.handleLaunchActivity(ActivityThread.java:2084)
E/AndroidRuntime(16805): 	at android.app.ActivityThread.access$600(ActivityThread.java:130)
E/AndroidRuntime(16805): 	at android.app.ActivityThread$H.handleMessage(ActivityThread.java:1195)
E/AndroidRuntime(16805): 	at android.os.Handler.dispatchMessage(Handler.java:99)
E/AndroidRuntime(16805): 	at android.os.Looper.loop(Looper.java:137)
E/AndroidRuntime(16805): 	at android.app.ActivityThread.main(ActivityThread.java:4745)
E/AndroidRuntime(16805): 	at java.lang.reflect.Method.invokeNative(Native Method)
E/AndroidRuntime(16805): 	at java.lang.reflect.Method.invoke(Method.java:511)
E/AndroidRuntime(16805): 	at com.android.internal.os.ZygoteInit$MethodAndArgsCaller.run(ZygoteInit.java:786)
E/AndroidRuntime(16805): 	at com.android.internal.os.ZygoteInit.main(ZygoteInit.java:553)
E/AndroidRuntime(16805): 	at dalvik.system.NativeStart.main(Native Method)
E/AndroidRuntime(16805): Caused by: java.lang.ClassCastException: android.widget.ImageView cannot be cast to android.view.SurfaceView
E/AndroidRuntime(16805): 	at com.example.cobra.MainActivity.initSurfaceView(MainActivity.java:309)
E/AndroidRuntime(16805): 	at com.example.cobra.MainActivity.onCreate(MainActivity.java:325)
E/AndroidRuntime(16805): 	at android.app.Activity.performCreate(Activity.java:5008)
E/AndroidRuntime(16805): 	at android.app.Instrumentation.callActivityOnCreate(Instrumentation.java:1079)
E/AndroidRuntime(16805): 	at android.app.ActivityThread.performLaunchActivity(ActivityThread.java:2023)
E/AndroidRuntime(16805): 	... 11 more
W/ActivityManager(  254):   Force finishing activity com.example.cobra/.MainActivity
W/ActivityManager(  254): Activity pause timeout for ActivityRecord{4168b2e8 com.example.cobra/.MainActivity}
I/ActivityManager(  254): No longer want com.google.android.gsf.login (pid 15959): hidden #16
W/InputMethodManagerService(  254): Window already focused, ignoring focus gain of: com.android.internal.view.IInputMethodClient$Stub$Proxy@419138f0 attribute=null
I/ActivityManager(  254): Process com.example.cobra (pid 16805) has died.
I/ActivityManager(  254): Start proc com.android.sprintmenu for service com.android.sprintmenu/.HiddenPhoneService: pid=16820 uid=1001 gids={3002, 3001, 3003, 1015, 1028}
W/ActivityManager(  254): Activity destroy timeout for ActivityRecord{4168b2e8 com.example.cobra/.MainActivity}
I/ActivityManager(  254): START {act=android.intent.action.MAIN cat=[android.intent.category.LAUNCHER] flg=0x10000000 cmp=com.example.cobra/.MainActivity u=0} from pid 16850
I/ActivityManager(  254): Start proc com.example.cobra for activity com.example.cobra/.MainActivity: pid=16860 uid=10068 gids={1006, 1028}
E/AndroidRuntime(16860): FATAL EXCEPTION: main
E/AndroidRuntime(16860): java.lang.RuntimeException: Unable to start activity ComponentInfo{com.example.cobra/com.example.cobra.MainActivity}: java.lang.ClassCastException: android.widget.ImageView cannot be cast to android.view.SurfaceView
E/AndroidRuntime(16860): 	at android.app.ActivityThread.performLaunchActivity(ActivityThread.java:2059)
E/AndroidRuntime(16860): 	at android.app.ActivityThread.handleLaunchActivity(ActivityThread.java:2084)
E/AndroidRuntime(16860): 	at android.app.ActivityThread.access$600(ActivityThread.java:130)
E/AndroidRuntime(16860): 	at android.app.ActivityThread$H.handleMessage(ActivityThread.java:1195)
E/AndroidRuntime(16860): 	at android.os.Handler.dispatchMessage(Handler.java:99)
E/AndroidRuntime(16860): 	at android.os.Looper.loop(Looper.java:137)
E/AndroidRuntime(16860): 	at android.app.ActivityThread.main(ActivityThread.java:4745)
E/AndroidRuntime(16860): 	at java.lang.reflect.Method.invokeNative(Native Method)
E/AndroidRuntime(16860): 	at java.lang.reflect.Method.invoke(Method.java:511)
E/AndroidRuntime(16860): 	at com.android.internal.os.ZygoteInit$MethodAndArgsCaller.run(ZygoteInit.java:786)
E/AndroidRuntime(16860): 	at com.android.internal.os.ZygoteInit.main(ZygoteInit.java:553)
E/AndroidRuntime(16860): 	at dalvik.system.NativeStart.main(Native Method)
E/AndroidRuntime(16860): Caused by: java.lang.ClassCastException: android.widget.ImageView cannot be cast to android.view.SurfaceView
E/AndroidRuntime(16860): 	at com.example.cobra.MainActivity.initSurfaceView(MainActivity.java:309)
E/AndroidRuntime(16860): 	at com.example.cobra.MainActivity.onCreate(MainActivity.java:325)
E/AndroidRuntime(16860): 	at android.app.Activity.performCreate(Activity.java:5008)
E/AndroidRuntime(16860): 	at android.app.Instrumentation.callActivityOnCreate(Instrumentation.java:1079)
E/AndroidRuntime(16860): 	at android.app.ActivityThread.performLaunchActivity(ActivityThread.java:2023)
E/AndroidRuntime(16860): 	... 11 more
W/ActivityManager(  254):   Force finishing activity com.example.cobra/.MainActivity
W/ActivityManager(  254): Activity pause timeout for ActivityRecord{4168d910 com.example.cobra/.MainActivity}
I/ActivityManager(  254): No longer want com.android.providers.calendar (pid 16673): hidden #16
W/InputMethodManagerService(  254): Window already focused, ignoring focus gain of: com.android.internal.view.IInputMethodClient$Stub$Proxy@41b84b20 attribute=null
I/ActivityManager(  254): Process com.example.cobra (pid 16860) has died.
W/ActivityManager(  254): Activity destroy timeout for ActivityRecord{4168d910 com.example.cobra/.MainActivity}
I/ActivityManager(  254): Start proc com.google.android.gsf.login for service com.google.android.gsf.login/com.google.android.gsf.loginservice.GoogleLoginService: pid=16880 uid=10008 gids={3003, 1015, 1028, 1007, 2001, 3006}
D/PhoneStatusBar(  330): disable: < expand icons alerts ticker system_info back home RECENT* clock >
D/PhoneStatusBar(  330): disable: < expand icons alerts ticker system_info BACK* HOME* RECENT CLOCK* >
I/WindowManager(  254): Lock screen displayed!
W/ActivityManager(  254): No content provider found for permission revoke: file:///data/local/tmp/Cobra.apk
W/ActivityManager(  254): No content provider found for permission revoke: file:///data/local/tmp/Cobra.apk
W/PackageParser(  254): Unknown element under <manifest>: user-feature at /data/app/vmdl-371656404.tmp Binary XML file line #25
W/PackageParser(  254): Unknown element under <manifest>: user-feature at /data/app/vmdl-371656404.tmp Binary XML file line #26
D/PhoneStatusBar(  330): disable: < expand icons alerts ticker system_info BACK HOME recent* CLOCK >
D/PhoneStatusBar(  330): disable: < expand icons alerts ticker system_info back* home* recent clock* >
W/InputMethodManagerService(  254): Window already focused, ignoring focus gain of: com.android.internal.view.IInputMethodClient$Stub$Proxy@41a2f1f0 attribute=android.view.inputmethod.EditorInfo@419d79b8
I/ActivityManager(  254): Force stopping package com.example.cobra uid=10068
I/PackageManager(  254): Package com.example.cobra codePath changed from /data/app/com.example.cobra-1.apk to /data/app/com.example.cobra-2.apk; Retaining data and using new
I/ActivityManager(  254): Force stopping package com.example.cobra uid=10068
W/PackageManager(  254): Code path for pkg : com.example.cobra changing from /data/app/com.example.cobra-1.apk to /data/app/com.example.cobra-2.apk
W/PackageManager(  254): Resource path for pkg : com.example.cobra changing from /data/app/com.example.cobra-1.apk to /data/app/com.example.cobra-2.apk
I/ActivityManager(  254): Force stopping package com.example.cobra uid=10068
D/BackupManagerService(  254): Received broadcast Intent { act=android.intent.action.PACKAGE_REMOVED dat=package:com.example.cobra flg=0x8000010 (has extras) }
D/BackupManagerService(  254): Received broadcast Intent { act=android.intent.action.PACKAGE_ADDED dat=package:com.example.cobra flg=0x8000010 (has extras) }
V/BackupManagerService(  254): removePackageParticipantsLocked: uid=10068 #1
V/BackupManagerService(  254): addPackageParticipantsLocked: #1
W/InputMethodManagerService(  254): Found no subtypes in a system IME: com.android.inputmethod.pinyin
I/ActivityManager(  254): START {act=android.intent.action.MAIN cat=[android.intent.category.LAUNCHER] flg=0x10000000 cmp=com.example.cobra/.MainActivity u=0} from pid 16926
I/ActivityManager(  254): Start proc com.example.cobra for activity com.example.cobra/.MainActivity: pid=16936 uid=10068 gids={1006, 1028}
E/AndroidRuntime(16936): FATAL EXCEPTION: main
E/AndroidRuntime(16936): java.lang.RuntimeException: Unable to start activity ComponentInfo{com.example.cobra/com.example.cobra.MainActivity}: java.lang.ClassCastException: android.widget.ImageView cannot be cast to android.view.SurfaceView
E/AndroidRuntime(16936): 	at android.app.ActivityThread.performLaunchActivity(ActivityThread.java:2059)
E/AndroidRuntime(16936): 	at android.app.ActivityThread.handleLaunchActivity(ActivityThread.java:2084)
E/AndroidRuntime(16936): 	at android.app.ActivityThread.access$600(ActivityThread.java:130)
E/AndroidRuntime(16936): 	at android.app.ActivityThread$H.handleMessage(ActivityThread.java:1195)
E/AndroidRuntime(16936): 	at android.os.Handler.dispatchMessage(Handler.java:99)
E/AndroidRuntime(16936): 	at android.os.Looper.loop(Looper.java:137)
E/AndroidRuntime(16936): 	at android.app.ActivityThread.main(ActivityThread.java:4745)
E/AndroidRuntime(16936): 	at java.lang.reflect.Method.invokeNative(Native Method)
E/AndroidRuntime(16936): 	at java.lang.reflect.Method.invoke(Method.java:511)
E/AndroidRuntime(16936): 	at com.android.internal.os.ZygoteInit$MethodAndArgsCaller.run(ZygoteInit.java:786)
E/AndroidRuntime(16936): 	at com.android.internal.os.ZygoteInit.main(ZygoteInit.java:553)
E/AndroidRuntime(16936): 	at dalvik.system.NativeStart.main(Native Method)
E/AndroidRuntime(16936): Caused by: java.lang.ClassCastException: android.widget.ImageView cannot be cast to android.view.SurfaceView
E/AndroidRuntime(16936): 	at com.example.cobra.MainActivity.initSurfaceView(MainActivity.java:309)
E/AndroidRuntime(16936): 	at com.example.cobra.MainActivity.onCreate(MainActivity.java:325)
E/AndroidRuntime(16936): 	at android.app.Activity.performCreate(Activity.java:5008)
E/AndroidRuntime(16936): 	at android.app.Instrumentation.callActivityOnCreate(Instrumentation.java:1079)
E/AndroidRuntime(16936): 	at android.app.ActivityThread.performLaunchActivity(ActivityThread.java:2023)
E/AndroidRuntime(16936): 	... 11 more
W/ActivityManager(  254):   Force finishing activity com.example.cobra/.MainActivity
W/ActivityManager(  254): Activity pause timeout for ActivityRecord{419a2b08 com.example.cobra/.MainActivity}
W/InputMethodManagerService(  254): Window already focused, ignoring focus gain of: com.android.internal.view.IInputMethodClient$Stub$Proxy@41b1e068 attribute=null
I/ActivityManager(  254): Process com.example.cobra (pid 16936) has died.
W/ActivityManager(  254): Activity destroy timeout for ActivityRecord{419a2b08 com.example.cobra/.MainActivity}
I/ActivityManager(  254): START {act=android.intent.action.MAIN cat=[android.intent.category.LAUNCHER] flg=0x10000000 cmp=com.example.cobra/.MainActivity u=0} from pid 16966
I/ActivityManager(  254): Start proc com.example.cobra for activity com.example.cobra/.MainActivity: pid=16977 uid=10068 gids={1006, 1028}
E/AndroidRuntime(16977): FATAL EXCEPTION: main
E/AndroidRuntime(16977): java.lang.RuntimeException: Unable to start activity ComponentInfo{com.example.cobra/com.example.cobra.MainActivity}: java.lang.ClassCastException: android.widget.ImageView cannot be cast to android.view.SurfaceView
E/AndroidRuntime(16977): 	at android.app.ActivityThread.performLaunchActivity(ActivityThread.java:2059)
E/AndroidRuntime(16977): 	at android.app.ActivityThread.handleLaunchActivity(ActivityThread.java:2084)
E/AndroidRuntime(16977): 	at android.app.ActivityThread.access$600(ActivityThread.java:130)
E/AndroidRuntime(16977): 	at android.app.ActivityThread$H.handleMessage(ActivityThread.java:1195)
E/AndroidRuntime(16977): 	at android.os.Handler.dispatchMessage(Handler.java:99)
E/AndroidRuntime(16977): 	at android.os.Looper.loop(Looper.java:137)
E/AndroidRuntime(16977): 	at android.app.ActivityThread.main(ActivityThread.java:4745)
E/AndroidRuntime(16977): 	at java.lang.reflect.Method.invokeNative(Native Method)
E/AndroidRuntime(16977): 	at java.lang.reflect.Method.invoke(Method.java:511)
E/AndroidRuntime(16977): 	at com.android.internal.os.ZygoteInit$MethodAndArgsCaller.run(ZygoteInit.java:786)
E/AndroidRuntime(16977): 	at com.android.internal.os.ZygoteInit.main(ZygoteInit.java:553)
E/AndroidRuntime(16977): 	at dalvik.system.NativeStart.main(Native Method)
E/AndroidRuntime(16977): Caused by: java.lang.ClassCastException: android.widget.ImageView cannot be cast to android.view.SurfaceView
E/AndroidRuntime(16977): 	at com.example.cobra.MainActivity.initSurfaceView(MainActivity.java:309)
E/AndroidRuntime(16977): 	at com.example.cobra.MainActivity.onCreate(MainActivity.java:325)
E/AndroidRuntime(16977): 	at android.app.Activity.performCreate(Activity.java:5008)
E/AndroidRuntime(16977): 	at android.app.Instrumentation.callActivityOnCreate(Instrumentation.java:1079)
E/AndroidRuntime(16977): 	at android.app.ActivityThread.performLaunchActivity(ActivityThread.java:2023)
E/AndroidRuntime(16977): 	... 11 more
W/ActivityManager(  254):   Force finishing activity com.example.cobra/.MainActivity
W/ActivityManager(  254): Activity pause timeout for ActivityRecord{41bf9188 com.example.cobra/.MainActivity}
I/ActivityManager(  254): No longer want com.android.calendar (pid 16657): hidden #16
W/InputMethodManagerService(  254): Window already focused, ignoring focus gain of: com.android.internal.view.IInputMethodClient$Stub$Proxy@41e4ea88 attribute=null
I/ActivityManager(  254): Process com.example.cobra (pid 16977) has died.
W/ActivityManager(  254): Activity destroy timeout for ActivityRecord{41bf9188 com.example.cobra/.MainActivity}
W/ActivityManager(  254): No content provider found for permission revoke: file:///data/local/tmp/Cobra.apk
W/ActivityManager(  254): No content provider found for permission revoke: file:///data/local/tmp/Cobra.apk
W/PackageParser(  254): Unknown element under <manifest>: user-feature at /data/app/vmdl725055237.tmp Binary XML file line #25
W/PackageParser(  254): Unknown element under <manifest>: user-feature at /data/app/vmdl725055237.tmp Binary XML file line #26
I/ActivityManager(  254): Force stopping package com.example.cobra uid=10068
I/PackageManager(  254): Package com.example.cobra codePath changed from /data/app/com.example.cobra-2.apk to /data/app/com.example.cobra-1.apk; Retaining data and using new
I/ActivityManager(  254): Force stopping package com.example.cobra uid=10068
W/PackageManager(  254): Code path for pkg : com.example.cobra changing from /data/app/com.example.cobra-2.apk to /data/app/com.example.cobra-1.apk
W/PackageManager(  254): Resource path for pkg : com.example.cobra changing from /data/app/com.example.cobra-2.apk to /data/app/com.example.cobra-1.apk
I/ActivityManager(  254): Force stopping package com.example.cobra uid=10068
D/BackupManagerService(  254): Received broadcast Intent { act=android.intent.action.PACKAGE_REMOVED dat=package:com.example.cobra flg=0x8000010 (has extras) }
D/BackupManagerService(  254): Received broadcast Intent { act=android.intent.action.PACKAGE_ADDED dat=package:com.example.cobra flg=0x8000010 (has extras) }
V/BackupManagerService(  254): removePackageParticipantsLocked: uid=10068 #1
V/BackupManagerService(  254): addPackageParticipantsLocked: #1
W/InputMethodManagerService(  254): Found no subtypes in a system IME: com.android.inputmethod.pinyin
I/ActivityManager(  254): START {act=android.intent.action.MAIN cat=[android.intent.category.LAUNCHER] flg=0x10000000 cmp=com.example.cobra/.MainActivity u=0} from pid 17022
I/ActivityManager(  254): Start proc com.example.cobra for activity com.example.cobra/.MainActivity: pid=17032 uid=10068 gids={1006, 1028}
D/PhoneStatusBar(  330): disable: < expand icons alerts ticker system_info back home RECENT* clock >
D/PhoneStatusBar(  330): disable: < expand icons alerts ticker system_info BACK* HOME* RECENT CLOCK* >
W/ThrottleService(  254): unable to find stats for iface rmnet0
W/ThrottleService(  254): unable to find stats for iface rmnet0
W/ThrottleService(  254): unable to find stats for iface rmnet0
I/WindowManager(  254): Lock screen displayed!
E/PowerManagerService(  254): Excessive delay setting brightness: 155ms, mask=2
I/ActivityManager(  254): No longer want edu.buffalo.cse.phonelab.heartbeat (pid 16695): hidden #16
I/ActivityManager(  254): Start proc com.google.android.gm for service com.google.android.gm/.provider.MailSyncAdapterService: pid=17067 uid=10018 gids={3003, 1015, 1028}
W/ThrottleService(  254): unable to find stats for iface rmnet0
I/ActivityManager(  254): No longer want com.android.sprintmenu (pid 16820): hidden #16
W/ActivityManager(  254): Scheduling restart of crashed service com.android.sprintmenu/.HiddenPhoneService in 5000ms
I/ActivityManager(  254): Start proc com.android.sprintmenu for service com.android.sprintmenu/.HiddenPhoneService: pid=17096 uid=1001 gids={3002, 3001, 3003, 1015, 1028}
I/ActivityManager(  254): Start proc com.android.calendar for broadcast com.android.calendar/.widget.CalendarAppWidgetService$CalendarFactory: pid=17112 uid=10005 gids={3003, 1028}
I/ActivityManager(  254): No longer want com.android.keychain (pid 16743): hidden #16
I/ActivityManager(  254): Start proc com.android.providers.calendar for content provider com.android.providers.calendar/.CalendarProvider2: pid=17128 uid=10006 gids={3003, 1015, 1028}
I/ActivityManager(  254): No longer want com.android.gallery3d (pid 16729): hidden #16
W/ThrottleService(  254): unable to find stats for iface rmnet0
V/BackupManagerService(  254): Running a backup pass
V/BackupManagerService(  254): clearing pending backups
V/PerformBackupTask(  254): Beginning backup of 1 targets
D/PerformBackupTask(  254): invokeAgentForBackup on @pm@
I/PerformBackupTask(  254): no backup data written; not calling transport
D/PerformBackupTask(  254): starting agent for backup of BackupRequest{pkg=android}
D/BackupManagerService(  254): awaiting agent for ApplicationInfo{4169cf20 android}
D/BackupManagerService(  254): agentConnected pkg=android agent=android.app.backup.BackupAgent$BackupServiceBinder@41c21610
I/BackupManagerService(  254): got agent android.app.backup.BackupAgent$BackupServiceBinder@41c21610
D/PerformBackupTask(  254): invokeAgentForBackup on android
I/PerformBackupTask(  254): Backup pass finished.
I/ActivityManager(  254): Start proc edu.buffalo.cse.phonelab.heartbeat for broadcast edu.buffalo.cse.phonelab.heartbeat/.AlarmReceiver: pid=17152 uid=10041 gids={3003, 1028}
I/ActivityManager(  254): No longer want com.google.android.partnersetup (pid 16759): hidden #16
W/ThrottleService(  254): unable to find stats for iface rmnet0
W/ThrottleService(  254): unable to find stats for iface rmnet0
I/ActivityManager(  254): No longer want com.android.voicedialer (pid 16495): hidden #16
W/ThrottleService(  254): unable to find stats for iface rmnet0
I/ActivityManager(  254): Start proc com.google.android.apps.uploader for broadcast com.google.android.apps.uploader/com.google.android.picasasync.BatteryReceiver: pid=17171 uid=10032 gids={3003, 1015, 1028}
I/WindowManager(  254): Lock screen displayed!
I/ActivityManager(  254): No longer want com.svox.pico (pid 16774): hidden #16
I/ActivityManager(  254): Start proc android.process.media for content provider com.android.providers.media/.MediaProvider: pid=17188 uid=10011 gids={1015, 1023, 1024, 1028, 2001, 3003, 3007}
I/ActivityManager(  254): No longer want com.noshufou.android.su (pid 16508): hidden #16
E/PowerManagerService(  254): Excessive delay setting brightness: 153ms, mask=2
W/ThrottleService(  254): unable to find stats for iface rmnet0
W/ThrottleService(  254): unable to find stats for iface rmnet0
W/ThrottleService(  254): unable to find stats for iface rmnet0
V/BackupManagerService(  254): Running a backup pass
V/BackupManagerService(  254): Backup requested but nothing pending
W/ThrottleService(  254): unable to find stats for iface rmnet0
W/ThrottleService(  254): unable to find stats for iface rmnet0
W/ThrottleService(  254): unable to find stats for iface rmnet0
W/ThrottleService(  254): unable to find stats for iface rmnet0
W/ThrottleService(  254): unable to find stats for iface rmnet0
D/ConnectivityService(  254): handleInetConditionHoldEnd: net=1, condition=0, published condition=100
D/ConnectivityService(  254): handleInetConditionHoldEnd: net=1, condition=100, published condition=0
I/ActivityManager(  254): Start proc com.google.android.talk for broadcast com.google.android.talk/.ConnectionStateOnlineReceiver: pid=17229 uid=10050 gids={3003, 1015, 1006, 3002, 1028}
W/ThrottleService(  254): unable to find stats for iface rmnet0
V/BackupManagerService(  254): Running a backup pass
V/BackupManagerService(  254): Backup requested but nothing pending
W/ThrottleService(  254): unable to find stats for iface rmnet0
W/ThrottleService(  254): unable to find stats for iface rmnet0
W/ThrottleService(  254): unable to find stats for iface rmnet0
W/ThrottleService(  254): unable to find stats for iface rmnet0
I/ActivityManager(  254): Start proc com.android.deskclock for broadcast com.android.deskclock/.AlarmInitReceiver: pid=17266 uid=10010 gids={1028}
I/ActivityManager(  254): No longer want com.android.musicfx (pid 13507): hidden #16
W/ThrottleService(  254): unable to find stats for iface rmnet0
W/ThrottleService(  254): unable to find stats for iface rmnet0
V/BackupManagerService(  254): Running a backup pass
V/BackupManagerService(  254): Backup requested but nothing pending
W/ThrottleService(  254): unable to find stats for iface rmnet0
W/ThrottleService(  254): unable to find stats for iface rmnet0
W/ThrottleService(  254): unable to find stats for iface rmnet0
W/ThrottleService(  254): unable to find stats for iface rmnet0
W/ThrottleService(  254): unable to find stats for iface rmnet0
D/ConnectivityService(  254): ConnectivityChange for WIFI: CONNECTED/CONNECTED
D/ConnectivityService(  254): handleConnectivityChange: address are the same reset per doReset linkProperty[1]: resetMask=0
D/ConnectivityService(  254): NetTransition Wakelock for WifiStateMachine released by timeout
D/ConnectivityService(  254): handleInetConditionHoldEnd: net=1, condition=100, published condition=0
I/ActivityManager(  254): Start proc com.ttxapps.wifiadb for broadcast com.ttxapps.wifiadb/.NetworkStateReceiver: pid=17366 uid=10062 gids={3003, 1028}
W/ThrottleService(  254): unable to find stats for iface rmnet0
D/ConnectivityService(  254): handleInetConditionHoldEnd: net=1, condition=0, published condition=100
D/ConnectivityService(  254): handleInetConditionHoldEnd: net=1, condition=100, published condition=0
W/ThrottleService(  254): unable to find stats for iface rmnet0
V/BackupManagerService(  254): Running a backup pass
V/BackupManagerService(  254): Backup requested but nothing pending
W/ThrottleService(  254): unable to find stats for iface rmnet0
W/ThrottleService(  254): unable to find stats for iface rmnet0
W/ThrottleService(  254): unable to find stats for iface rmnet0
W/ThrottleService(  254): unable to find stats for iface rmnet0
W/ThrottleService(  254): unable to find stats for iface rmnet0
W/ThrottleService(  254): unable to find stats for iface rmnet0
V/BackupManagerService(  254): Running a backup pass
V/BackupManagerService(  254): Backup requested but nothing pending
W/ThrottleService(  254): unable to find stats for iface rmnet0
D/ConnectivityService(  254): handleInetConditionHoldEnd: net=1, condition=0, published condition=100
D/ConnectivityService(  254): handleInetConditionHoldEnd: net=1, condition=100, published condition=0
W/ThrottleService(  254): unable to find stats for iface rmnet0
W/ThrottleService(  254): unable to find stats for iface rmnet0
W/ThrottleService(  254): unable to find stats for iface rmnet0
W/ThrottleService(  254): unable to find stats for iface rmnet0
W/ThrottleService(  254): unable to find stats for iface rmnet0
V/BackupManagerService(  254): Running a backup pass
V/BackupManagerService(  254): Backup requested but nothing pending
W/ThrottleService(  254): unable to find stats for iface rmnet0
W/ThrottleService(  254): unable to find stats for iface rmnet0
W/ThrottleService(  254): unable to find stats for iface rmnet0
W/ThrottleService(  254): unable to find stats for iface rmnet0
W/ThrottleService(  254): unable to find stats for iface rmnet0
W/ThrottleService(  254): unable to find stats for iface rmnet0
V/BackupManagerService(  254): Running a backup pass
V/BackupManagerService(  254): Backup requested but nothing pending
W/ThrottleService(  254): unable to find stats for iface rmnet0
W/ThrottleService(  254): unable to find stats for iface rmnet0
D/ConnectivityService(  254): handleInetConditionHoldEnd: net=1, condition=0, published condition=100
D/ConnectivityService(  254): handleInetConditionHoldEnd: net=1, condition=100, published condition=0
W/ThrottleService(  254): unable to find stats for iface rmnet0
W/ThrottleService(  254): unable to find stats for iface rmnet0
W/ThrottleService(  254): unable to find stats for iface rmnet0
I/WindowManager(  254): Lock screen displayed!
D/PhoneStatusBar(  330): disable: < expand icons alerts ticker system_info BACK HOME recent* CLOCK >
W/InputMethodManagerService(  254): Window already focused, ignoring focus gain of: com.android.internal.view.IInputMethodClient$Stub$Proxy@419cd7a0 attribute=android.view.inputmethod.EditorInfo@41be3e88
D/PhoneStatusBar(  330): disable: < expand icons alerts ticker system_info back* home* recent clock* >
I/ActivityManager(  254): No longer want com.google.android.googlequicksearchbox (pid 10705): hidden #16
I/LocationManagerService(  254): remove network (pid 254), next minTime = 300000
I/LocationManagerService(  254): remove passive (pid 254), next minTime = 0
I/LocationManagerService(  254): remove network (pid 254), next minTime = 300000
I/LocationManagerService(  254): remove passive (pid 254), next minTime = 0
I/LocationManagerService(  254): remove network (pid 254), next minTime = 86400000
I/LocationManagerService(  254): remove passive (pid 254), next minTime = 0
I/ActivityManager(  254): START {act=android.intent.action.MAIN cat=[android.intent.category.LAUNCHER] flg=0x10200000 cmp=com.qihoo360.fileexplorer/.ui.index.AppEnterActivity u=0} from pid 474
I/ActivityManager(  254): Start proc com.qihoo360.fileexplorer for activity com.qihoo360.fileexplorer/.ui.index.AppEnterActivity: pid=17536 uid=10075 gids={1015, 3003, 1028}
I/ActivityManager(  254): START {cmp=com.qihoo360.fileexplorer/.ui.activity.FileExplorerHome u=0} from pid 17536
E/PowerManagerService(  254): Excessive delay setting brightness: 147ms, mask=2
D/PhoneStatusBar(  330): disable: < expand icons alerts ticker system_info back home RECENT* clock >
D/PhoneStatusBar(  330): disable: < expand icons alerts ticker system_info BACK* HOME* RECENT CLOCK* >
I/WindowManager(  254): Lock screen displayed!
D/PhoneStatusBar(  330): disable: < expand icons alerts ticker system_info BACK HOME recent* CLOCK >
D/PhoneStatusBar(  330): disable: < expand icons alerts ticker system_info back* home* recent clock* >
W/InputMethodManagerService(  254): Window already focused, ignoring focus gain of: com.android.internal.view.IInputMethodClient$Stub$Proxy@416863a0 attribute=android.view.inputmethod.EditorInfo@41ad5700
W/PowerUI (  330): unknown intent: Intent { act=android.intent.action.ACTION_POWER_CONNECTED flg=0x8000010 }
I/ActivityManager(  254): No longer want com.android.defcontainer (pid 13465): hidden #16
I/ActivityManager(  254): START {act=android.intent.action.MAIN cat=[android.intent.category.LAUNCHER] flg=0x10200000 cmp=com.ttxapps.wifiadb/.MainActivity u=0} from pid 474
I/ActivityManager(  254): Start proc com.noshufou.android.su for broadcast com.noshufou.android.su/.SuRequestReceiver: pid=17609 uid=10060 gids={3003, 1015, 1028}
I/ActivityManager(  254): START {flg=0x10000000 cmp=com.noshufou.android.su/.SuRequestActivity (has extras) u=0} from pid 17609
W/ActivityManager(  254): Activity pause timeout for ActivityRecord{41aba1a8 com.ttxapps.wifiadb/.MainActivity}
I/ActivityManager(  254): Activity reported stop, but no longer stopping: ActivityRecord{41aba1a8 com.ttxapps.wifiadb/.MainActivity}
D/PhoneStatusBar(  330): addNotification score=-10
I/StorageNotification(  330): UMS connection changed to true (media state mounted)
D/PhoneStatusBar(  330): addNotification score=0
I/StorageNotification(  330): UMS connection changed to true (media state mounted)
I/ActivityManager(  254): Start proc com.qihoo360.daemon for service com.qihoo.appstore/com.qihoo360.mobilesafe.pcdaemon.service.DaemonService: pid=17676 uid=10064 gids={3003, 1015, 3002, 1028}
I/ActivityManager(  254): Config changed: {1.0 310mcc120mnc en_US sw320dp w533dp h294dp nrml long land finger -keyb/v/h -nav/h s.57}
W/MountService(  254): getVolumeState(/storage/sdcard0/external_sd): Unknown volume
W/MountService(  254): getVolumeState(/mnt/sdcard-ext): Unknown volume
W/MountService(  254): getVolumeState(/mnt/ext_sdcard): Unknown volume
W/MountService(  254): getVolumeState(/mnt/sdcard2): Unknown volume
W/MountService(  254): getVolumeState(/mnt/emmc): Unknown volume
W/MountService(  254): getVolumeState(/mnt/extSdCard): Unknown volume
W/MountService(  254): getVolumeState(/storage/sdcard0/external_sd): Unknown volume
W/MountService(  254): getVolumeState(/mnt/sdcard-ext): Unknown volume
W/MountService(  254): getVolumeState(/mnt/ext_sdcard): Unknown volume
W/MountService(  254): getVolumeState(/mnt/sdcard2): Unknown volume
W/MountService(  254): getVolumeState(/mnt/emmc): Unknown volume
W/MountService(  254): getVolumeState(/mnt/extSdCard): Unknown volume
D/PhoneStatusBar(  330): addNotification score=0
I/ActivityManager(  254): START {act=com.qihoo360.daemon.pcdaemon.ACTION_START_UI2 flg=0x10000000 cmp=com.qihoo.appstore/.activities.MainActivity u=0} from pid 17737
I/ActivityManager(  254): Config changed: {1.0 310mcc120mnc en_US sw320dp w320dp h508dp nrml long port finger -keyb/v/h -nav/h s.58}
W/MountService(  254): getVolumeState(/storage/sdcard0/external_sd): Unknown volume
W/MountService(  254): getVolumeState(/mnt/sdcard-ext): Unknown volume
W/MountService(  254): getVolumeState(/mnt/ext_sdcard): Unknown volume
W/MountService(  254): getVolumeState(/mnt/sdcard2): Unknown volume
W/MountService(  254): getVolumeState(/mnt/emmc): Unknown volume
W/MountService(  254): getVolumeState(/mnt/extSdCard): Unknown volume
W/MountService(  254): getVolumeState(/storage/sdcard0/external_sd): Unknown volume
W/MountService(  254): getVolumeState(/mnt/sdcard-ext): Unknown volume
W/MountService(  254): getVolumeState(/mnt/ext_sdcard): Unknown volume
W/MountService(  254): getVolumeState(/mnt/sdcard2): Unknown volume
W/MountService(  254): getVolumeState(/mnt/emmc): Unknown volume
W/MountService(  254): getVolumeState(/mnt/extSdCard): Unknown volume
W/MountService(  254): getVolumeState(/storage/sdcard0/external_sd): Unknown volume
W/MountService(  254): getVolumeState(/mnt/sdcard-ext): Unknown volume
W/MountService(  254): getVolumeState(/mnt/ext_sdcard): Unknown volume
W/MountService(  254): getVolumeState(/mnt/sdcard2): Unknown volume
W/MountService(  254): getVolumeState(/mnt/emmc): Unknown volume
W/MountService(  254): getVolumeState(/mnt/extSdCard): Unknown volume
E/PowerManagerService(  254): Excessive delay setting brightness: 149ms, mask=2
W/MountService(  254): getVolumeState(/storage/sdcard0/external_sd): Unknown volume
W/MountService(  254): getVolumeState(/mnt/sdcard-ext): Unknown volume
W/MountService(  254): getVolumeState(/mnt/ext_sdcard): Unknown volume
W/MountService(  254): getVolumeState(/mnt/sdcard2): Unknown volume
W/MountService(  254): getVolumeState(/mnt/emmc): Unknown volume
W/MountService(  254): getVolumeState(/mnt/extSdCard): Unknown volume
D/PhoneStatusBar(  330): disable: < expand icons alerts ticker system_info back home RECENT* clock >
D/PhoneStatusBar(  330): disable: < expand icons alerts ticker system_info BACK* HOME* RECENT CLOCK* >
W/ThrottleService(  254): unable to find stats for iface rmnet0
W/MountService(  254): getVolumeState(/storage/sdcard0/external_sd): Unknown volume
W/MountService(  254): getVolumeState(/mnt/sdcard-ext): Unknown volume
W/MountService(  254): getVolumeState(/mnt/ext_sdcard): Unknown volume
W/MountService(  254): getVolumeState(/mnt/sdcard2): Unknown volume
W/MountService(  254): getVolumeState(/mnt/emmc): Unknown volume
W/MountService(  254): getVolumeState(/mnt/extSdCard): Unknown volume
W/MountService(  254): getVolumeState(/storage/sdcard0/external_sd): Unknown volume
W/MountService(  254): getVolumeState(/mnt/sdcard-ext): Unknown volume
