I/cnindex:(20260):  200
I/cnValue:;(20260): -15922164
I/cnindex:(20260):  201
I/cnValue:;(20260): -15856371
I/cnindex:(20260):  202
I/cnValue:;(20260): -15856371
I/cnindex:(20260):  203
I/cnValue:;(20260): -15856371
I/cnindex:(20260):  204
I/cnValue:;(20260): -15724785
I/cnindex:(20260):  205
I/cnValue:;(20260): -15724785
I/cnindex:(20260):  206
I/cnValue:;(20260): -15724785
I/cnindex:(20260):  207
I/cnValue:;(20260): -15658992
I/cnindex:(20260):  208
I/cnValue:;(20260): -15528176
I/cnindex:(20260):  209
I/cnValue:;(20260): -15462383
I/cnindex:(20260):  210
I/cnValue:;(20260): -15462383
I/cnindex:(20260):  211
I/cnValue:;(20260): -15396590
I/cnindex:(20260):  212
I/cnValue:;(20260): -15396337
I/cnindex:(20260):  213
I/cnValue:;(20260): -15396337
I/cnindex:(20260):  214
I/cnValue:;(20260): -15396337
I/cnindex:(20260):  215
I/cnValue:;(20260): -15330544
I/cnindex:(20260):  216
I/cnValue:;(20260): -15330544
I/cnindex:(20260):  217
I/cnValue:;(20260): -15264751
I/cnindex:(20260):  218
I/cnValue:;(20260): -15264751
I/cnindex:(20260):  219
I/cnValue:;(20260): -15133165
I/cnindex:(20260):  220
I/cnValue:;(20260): -15133165
I/cnindex:(20260):  221
I/cnValue:;(20260): -15133165
I/cnindex:(20260):  222
I/cnValue:;(20260): -15133165
I/cnindex:(20260):  223
I/cnValue:;(20260): -15133165
I/cnindex:(20260):  224
I/cnValue:;(20260): -15133165
I/cnindex:(20260):  225
I/cnValue:;(20260): -15133165
I/cnindex:(20260):  226
I/cnValue:;(20260): -15067625
I/cnindex:(20260):  227
I/cnValue:;(20260): -15067625
I/cnindex:(20260):  228
I/cnValue:;(20260): -15001832
I/cnindex:(20260):  229
I/cnValue:;(20260): -15001832
I/cnindex:(20260):  230
I/cnValue:;(20260): -15001832
I/cnindex:(20260):  231
I/cnValue:;(20260): -15001832
I/cnindex:(20260):  232
I/cnValue:;(20260): -15001832
I/cnindex:(20260):  233
I/cnValue:;(20260): -15001832
I/cnindex:(20260):  234
I/cnValue:;(20260): -14936039
I/cnindex:(20260):  235
I/cnValue:;(20260): -14936039
I/cnindex:(20260):  236
I/cnValue:;(20260): -14870246
I/cnindex:(20260):  237
I/cnValue:;(20260): -14870246
I/cnindex:(20260):  238
I/cnValue:;(20260): -14870246
I/cnindex:(20260):  239
I/cnValue:;(20260): -14870246
I/cnindex:(20260):  240
I/cnValue:;(20260): -14870246
I/cnindex:(20260):  241
I/cnValue:;(20260): -14870246
I/cnindex:(20260):  242
I/cnValue:;(20260): -14804453
I/cnindex:(20260):  243
I/cnValue:;(20260): -14804453
I/cnindex:(20260):  244
I/cnValue:;(20260): -14672867
I/cnindex:(20260):  245
I/cnValue:;(20260): -14672867
I/cnindex:(20260):  246
I/cnValue:;(20260): -14606821
I/cnindex:(20260):  247
I/cnValue:;(20260): -14606821
I/cnindex:(20260):  248
I/cnValue:;(20260): -14606821
I/cnindex:(20260):  249
I/cnValue:;(20260): -14606821
I/cnindex:(20260):  250
I/cnValue:;(20260): -14606821
I/cnindex:(20260):  251
I/cnValue:;(20260): -14606821
I/cnindex:(20260):  252
I/cnValue:;(20260): -14541028
I/cnindex:(20260):  253
I/cnValue:;(20260): -14475235
I/cnindex:(20260):  254
I/cnValue:;(20260): -14475235
I/cnindex:(20260):  255
I/cnValue:;(20260): -14409442
I/cnindex:(20260):  256
I/cnValue:;(20260): -14343649
I/cnindex:(20260):  257
I/cnValue:;(20260): -14343649
I/cnindex:(20260):  258
I/cnValue:;(20260): -14212063
I/cnindex:(20260):  259
I/cnValue:;(20260): -14212063
I/cnindex:(20260):  260
I/cnValue:;(20260): -14146270
I/cnindex:(20260):  261
I/cnValue:;(20260): -14146270
I/cnindex:(20260):  262
I/cnValue:;(20260): -14211295
I/cnindex:(20260):  263
I/cnValue:;(20260): -14211295
I/cnindex:(20260):  264
I/cnValue:;(20260): -14145502
I/cnindex:(20260):  265
I/cnValue:;(20260): -14145502
I/cnindex:(20260):  266
I/cnValue:;(20260): -14079709
I/cnindex:(20260):  267
I/cnValue:;(20260): -14079709
D/dalvikvm(20260): GC_CONCURRENT freed 124K, 13% free 13759K/15751K, paused 11ms+18ms, total 66ms
I/cnindex:(20260):  268
I/cnValue:;(20260): -14013916
I/cnindex:(20260):  269
I/cnValue:;(20260): -14013916
I/cnindex:(20260):  270
I/cnValue:;(20260): -13882330
I/cnindex:(20260):  271
I/cnValue:;(20260): -13882330
I/cnindex:(20260):  272
I/cnValue:;(20260): -13816537
I/cnindex:(20260):  273
I/cnValue:;(20260): -13750744
I/cnindex:(20260):  274
I/cnValue:;(20260): -13750742
I/cnindex:(20260):  275
I/cnValue:;(20260): -13684949
I/cnindex:(20260):  276
I/cnValue:;(20260): -13619156
I/cnindex:(20260):  277
I/cnValue:;(20260): -13619156
I/cnindex:(20260):  278
I/cnValue:;(20260): -13619156
I/cnindex:(20260):  279
I/cnValue:;(20260): -13619156
I/cnindex:(20260):  280
I/cnValue:;(20260): -13619156
I/cnindex:(20260):  281
I/cnValue:;(20260): -13553363
I/cnindex:(20260):  282
I/cnValue:;(20260): -13553363
I/cnindex:(20260):  283
I/cnValue:;(20260): -13421777
I/cnindex:(20260):  284
I/cnValue:;(20260): -13355984
I/cnindex:(20260):  285
I/cnValue:;(20260): -13290191
I/cnindex:(20260):  286
I/cnValue:;(20260): -13290191
I/cnindex:(20260):  287
I/cnValue:;(20260): -13290191
I/cnindex:(20260):  288
I/cnValue:;(20260): -13159375
I/cnindex:(20260):  289
I/cnValue:;(20260): -13093582
I/cnindex:(20260):  290
I/cnValue:;(20260): -13093582
I/cnindex:(20260):  291
I/cnValue:;(20260): -13027789
I/cnindex:(20260):  292
I/cnValue:;(20260): -12961998
I/cnindex:(20260):  293
I/cnValue:;(20260): -12830412
I/cnindex:(20260):  294
I/cnValue:;(20260): -12830412
I/cnindex:(20260):  295
I/cnValue:;(20260): -12764619
I/cnindex:(20260):  296
I/cnValue:;(20260): -12698826
I/cnindex:(20260):  297
I/cnValue:;(20260): -12698826
I/cnindex:(20260):  298
I/cnValue:;(20260): -12633033
I/cnindex:(20260):  299
I/cnValue:;(20260): -12633033
I/cnindex:(20260):  300
I/cnValue:;(20260): -12567240
I/cnindex:(20260):  301
I/cnValue:;(20260): -12567240
I/cnindex:(20260):  302
I/cnValue:;(20260): -12567240
I/cnindex:(20260):  303
I/cnValue:;(20260): -12567240
I/cnindex:(20260):  304
I/cnValue:;(20260): -12501960
I/cnindex:(20260):  305
I/cnValue:;(20260): -12436167
I/cnindex:(20260):  306
I/cnValue:;(20260): -12436167
I/cnindex:(20260):  307
I/cnValue:;(20260): -12304581
I/cnindex:(20260):  308
I/cnValue:;(20260): -12238534
I/cnindex:(20260):  309
I/cnValue:;(20260): -12172741
I/cnindex:(20260):  310
I/cnValue:;(20260): -12172741
I/cnindex:(20260):  311
I/cnValue:;(20260): -12106948
I/cnindex:(20260):  312
I/cnValue:;(20260): -12106948
I/cnindex:(20260):  313
I/cnValue:;(20260): -12041155
I/cnindex:(20260):  314
I/cnValue:;(20260): -12041155
I/cnindex:(20260):  315
I/cnValue:;(20260): -12041155
I/cnindex:(20260):  316
I/cnValue:;(20260): -11975362
I/cnindex:(20260):  317
I/cnValue:;(20260): -11975362
I/cnindex:(20260):  318
I/cnValue:;(20260): -11975362
I/cnindex:(20260):  319
I/cnValue:;(20260): -11975362
I/cnindex:(20260):  320
I/cnValue:;(20260): -11975362
I/cnindex:(20260):  321
I/cnValue:;(20260): -11975362
I/cnindex:(20260):  322
I/cnValue:;(20260): -11843776
I/cnindex:(20260):  323
I/cnValue:;(20260): -11843776
I/cnindex:(20260):  324
I/cnValue:;(20260): -11843263
I/cnindex:(20260):  325
I/cnValue:;(20260): -11777470
I/cnindex:(20260):  326
I/cnValue:;(20260): -11711677
I/cnindex:(20260):  327
I/cnValue:;(20260): -11711677
I/cnindex:(20260):  328
I/cnValue:;(20260): -11645884
I/cnindex:(20260):  329
I/cnValue:;(20260): -11645884
I/cnindex:(20260):  330
I/cnValue:;(20260): -11580091
I/cnindex:(20260):  331
I/cnValue:;(20260): -11580091
I/cnindex:(20260):  332
I/cnValue:;(20260): -11580091
I/cnindex:(20260):  333
I/cnValue:;(20260): -11448505
I/cnindex:(20260):  334
I/cnValue:;(20260): -11448505
I/cnindex:(20260):  335
I/cnValue:;(20260): -11448505
I/cnindex:(20260):  336
I/cnValue:;(20260): -11382712
I/cnindex:(20260):  337
I/cnValue:;(20260): -11316919
I/cnindex:(20260):  338
I/cnValue:;(20260): -11316919
I/cnindex:(20260):  339
I/cnValue:;(20260): -11251126
I/cnindex:(20260):  340
I/cnValue:;(20260): -11185333
I/cnindex:(20260):  341
I/cnValue:;(20260): -11185333
I/cnindex:(20260):  342
I/cnValue:;(20260): -11185333
I/cnindex:(20260):  343
I/cnValue:;(20260): -11185333
I/cnindex:(20260):  344
I/cnValue:;(20260): -11185333
I/cnindex:(20260):  345
I/cnValue:;(20260): -11185333
I/cnindex:(20260):  346
I/cnValue:;(20260): -11185333
I/cnindex:(20260):  347
I/cnValue:;(20260): -11119540
I/cnindex:(20260):  348
I/cnValue:;(20260): -11119540
I/cnindex:(20260):  349
I/cnValue:;(20260): -11119540
I/cnindex:(20260):  350
I/cnValue:;(20260): -11053747
I/cnindex:(20260):  351
I/cnValue:;(20260): -11053747
I/cnindex:(20260):  352
I/cnValue:;(20260): -10922161
I/cnindex:(20260):  353
I/cnValue:;(20260): -10922161
I/cnindex:(20260):  354
I/cnValue:;(20260): -10856368
I/cnindex:(20260):  355
I/cnValue:;(20260): -10856368
I/cnindex:(20260):  356
I/cnValue:;(20260): -10790575
I/cnindex:(20260):  357
I/cnValue:;(20260): -10790575
I/cnindex:(20260):  358
I/cnValue:;(20260): -10724782
I/cnindex:(20260):  359
I/cnValue:;(20260): -10724782
I/cnindex:(20260):  360
I/cnValue:;(20260): -10658989
I/cnindex:(20260):  361
I/cnValue:;(20260): -10593196
I/cnindex:(20260):  362
I/cnValue:;(20260): -10593196
I/cnindex:(20260):  363
I/cnValue:;(20260): -10593196
I/cnindex:(20260):  364
I/cnValue:;(20260): -10461610
I/cnindex:(20260):  365
I/cnValue:;(20260): -10461610
I/cnindex:(20260):  366
I/cnValue:;(20260): -10461610
I/cnindex:(20260):  367
I/cnValue:;(20260): -10395817
I/cnindex:(20260):  368
I/cnValue:;(20260): -10395817
I/cnindex:(20260):  369
I/cnValue:;(20260): -10330024
I/cnindex:(20260):  370
I/cnValue:;(20260): -10330024
I/cnindex:(20260):  371
I/cnValue:;(20260): -10264231
I/cnindex:(20260):  372
I/cnValue:;(20260): -10198438
I/cnindex:(20260):  373
I/cnValue:;(20260): -10198438
I/cnindex:(20260):  374
I/cnValue:;(20260): -10198438
I/cnindex:(20260):  375
I/cnValue:;(20260): -10198438
I/cnindex:(20260):  376
I/cnValue:;(20260): -10132645
I/cnindex:(20260):  377
I/cnValue:;(20260): -10132645
I/cnindex:(20260):  378
I/cnValue:;(20260): -10132645
I/cnindex:(20260):  379
I/cnValue:;(20260): -10001059
I/cnindex:(20260):  380
I/cnValue:;(20260): -10001059
I/cnindex:(20260):  381
I/cnValue:;(20260): -10001059
I/cnindex:(20260):  382
I/cnValue:;(20260): -10001059
I/cnindex:(20260):  383
I/cnValue:;(20260): -10001059
I/cnindex:(20260):  384
I/cnValue:;(20260): -10001059
I/cnindex:(20260):  385
I/cnValue:;(20260): -9935266
I/cnindex:(20260):  386
I/cnValue:;(20260): -9935520
I/cnindex:(20260):  387
I/cnValue:;(20260): -9935520
I/cnindex:(20260):  388
I/cnValue:;(20260): -10000543
I/cnindex:(20260):  389
I/cnValue:;(20260): -10000543
I/cnindex:(20260):  390
I/cnValue:;(20260): -10000543
I/cnindex:(20260):  391
I/cnValue:;(20260): -10000543
I/cnindex:(20260):  392
I/cnValue:;(20260): -9934750
I/cnindex:(20260):  393
I/cnValue:;(20260): -9934750
I/cnindex:(20260):  394
I/cnValue:;(20260): -9868957
I/cnindex:(20260):  395
I/cnValue:;(20260): -9868957
I/cnindex:(20260):  396
I/cnValue:;(20260): -9803164
I/cnindex:(20260):  397
I/cnValue:;(20260): -9803164
I/cnindex:(20260):  398
I/cnValue:;(20260): -9803164
I/cnindex:(20260):  399
I/cnValue:;(20260): -9803164
I/cnindex:(20260):  400
I/cnValue:;(20260): -9540762
I/cnindex:(20260):  401
I/cnValue:;(20260): -9540762
I/cnindex:(20260):  402
I/cnValue:;(20260): -9540762
I/cnindex:(20260):  403
I/cnValue:;(20260): -9474969
I/cnindex:(20260):  404
I/cnValue:;(20260): -9474715
I/cnindex:(20260):  405
I/cnValue:;(20260): -9474715
I/cnindex:(20260):  406
I/cnValue:;(20260): -9474715
I/cnindex:(20260):  407
I/cnValue:;(20260): -9474715
I/cnindex:(20260):  408
I/cnValue:;(20260): -9408922
I/cnindex:(20260):  409
I/cnValue:;(20260): -9408922
I/cnindex:(20260):  410
I/cnValue:;(20260): -9408922
I/cnindex:(20260):  411
I/cnValue:;(20260): -9343129
I/cnindex:(20260):  412
I/cnValue:;(20260): -9277336
I/cnindex:(20260):  413
I/cnValue:;(20260): -9277336
I/cnindex:(20260):  414
I/cnValue:;(20260): -9211543
I/cnindex:(20260):  415
I/cnValue:;(20260): -9211543
I/cnindex:(20260):  416
I/cnValue:;(20260): -9079957
I/cnindex:(20260):  417
I/cnValue:;(20260): -9079957
I/cnindex:(20260):  418
I/cnValue:;(20260): -9079957
I/cnindex:(20260):  419
I/cnValue:;(20260): -9079957
I/cnindex:(20260):  420
I/cnValue:;(20260): -9210773
I/cnindex:(20260):  421
I/cnValue:;(20260): -9210773
I/cnindex:(20260):  422
I/cnValue:;(20260): -9210773
I/cnindex:(20260):  423
I/cnValue:;(20260): -9210773
I/cnindex:(20260):  424
I/cnValue:;(20260): -9144980
I/cnindex:(20260):  425
I/cnValue:;(20260): -9144980
I/cnindex:(20260):  426
I/cnValue:;(20260): -9144980
I/cnindex:(20260):  427
I/cnValue:;(20260): -9079187
I/cnindex:(20260):  428
I/cnValue:;(20260): -9079187
I/cnindex:(20260):  429
I/cnValue:;(20260): -9079187
I/cnindex:(20260):  430
I/cnValue:;(20260): -9079187
I/cnindex:(20260):  431
I/cnValue:;(20260): -9079187
I/cnindex:(20260):  432
I/cnValue:;(20260): -9013394
I/cnindex:(20260):  433
I/cnValue:;(20260): -9013394
I/cnindex:(20260):  434
I/cnValue:;(20260): -8947601
I/cnindex:(20260):  435
I/cnValue:;(20260): -8881808
I/cnindex:(20260):  436
I/cnValue:;(20260): -8750222
I/cnindex:(20260):  437
I/cnValue:;(20260): -8750222
I/cnindex:(20260):  438
I/cnValue:;(20260): -8684429
I/cnindex:(20260):  439
I/cnValue:;(20260): -8223878
I/cnindex:(20260):  440
I/cnValue:;(20260): -7368569
I/cnindex:(20260):  441
I/cnValue:;(20260): -5592158
I/cnindex:(20260):  442
I/cnValue:;(20260): -3552575
I/cnindex:(20260):  443
I/cnValue:;(20260): -2170922
I/cnindex:(20260):  444
I/cnValue:;(20260): -986648
I/cnindex:(20260):  445
I/cnValue:;(20260): -394511
I/cnindex:(20260):  446
I/cnValue:;(20260): -526097
I/cnindex:(20260):  447
I/cnValue:;(20260): -723476
I/cnindex:(20260):  448
I/cnValue:;(20260): -789269
I/cnindex:(20260):  449
I/cnValue:;(20260): -986648
I/cnindex:(20260):  450
I/cnValue:;(20260): -1184027
I/cnindex:(20260):  451
I/cnValue:;(20260): -1249820
I/cnindex:(20260):  452
I/cnValue:;(20260): -1512992
I/cnindex:(20260):  453
I/cnValue:;(20260): -1578785
I/cnindex:(20260):  454
I/cnValue:;(20260): -1644578
I/cnindex:(20260):  455
I/cnValue:;(20260): -1776164
I/cnindex:(20260):  456
I/cnValue:;(20260): -1907750
I/cnindex:(20260):  457
I/cnValue:;(20260): -2039336
I/cnindex:(20260):  458
I/cnValue:;(20260): -2105129
I/cnindex:(20260):  459
I/cnValue:;(20260): -2170922
I/cnindex:(20260):  460
I/cnValue:;(20260): -2368301
I/cnindex:(20260):  461
I/cnValue:;(20260): -2368301
I/cnindex:(20260):  462
I/cnValue:;(20260): -2434094
I/cnindex:(20260):  463
I/cnValue:;(20260): -2499887
I/cnindex:(20260):  464
I/cnValue:;(20260): -2565680
I/cnindex:(20260):  465
I/cnValue:;(20260): -2565680
I/cnindex:(20260):  466
I/cnValue:;(20260): -2631473
I/cnindex:(20260):  467
I/cnValue:;(20260): -2631473
I/cnindex:(20260):  468
I/cnValue:;(20260): -2828852
I/cnindex:(20260):  469
I/cnValue:;(20260): -3026231
I/cnindex:(20260):  470
I/cnValue:;(20260): -3157817
I/cnindex:(20260):  471
I/cnValue:;(20260): -3355196
I/cnindex:(20260):  472
I/cnValue:;(20260): -3289403
I/cnindex:(20260):  473
I/cnValue:;(20260): -2697266
I/cnindex:(20260):  474
I/cnValue:;(20260): -1907750
I/cnindex:(20260):  475
I/cnValue:;(20260): -1052441
I/cnindex:(20260):  476
I/cnValue:;(20260): -657683
I/cnindex:(20260):  477
I/cnValue:;(20260): -591890
I/cnindex:(20260):  478
I/cnValue:;(20260): -855062
I/cnindex:(20260):  479
I/cnValue:;(20260): -1052441
I/cnindex:(20260):  480
I/cnValue:;(20260): -657683
I/cnindex:(20260):  481
I/cnValue:;(20260): -789269
I/cnindex:(20260):  482
I/cnValue:;(20260): -1052441
I/cnindex:(20260):  483
I/cnValue:;(20260): -1184027
I/cnindex:(20260):  484
I/cnValue:;(20260): -1447199
I/cnindex:(20260):  485
I/cnValue:;(20260): -1907750
I/cnindex:(20260):  486
I/cnValue:;(20260): -2105129
I/cnindex:(20260):  487
I/cnValue:;(20260): -2236715
I/cnindex:(20260):  488
I/cnValue:;(20260): -2368301
I/cnindex:(20260):  489
I/cnValue:;(20260): -2499887
I/cnindex:(20260):  490
I/cnValue:;(20260): -2565680
I/cnindex:(20260):  491
I/cnValue:;(20260): -2631473
I/cnindex:(20260):  492
I/cnValue:;(20260): -2697266
I/cnindex:(20260):  493
I/cnValue:;(20260): -2697266
I/cnindex:(20260):  494
I/cnValue:;(20260): -2828852
I/cnindex:(20260):  495
I/cnValue:;(20260): -2828852
I/cnindex:(20260):  496
I/cnValue:;(20260): -2894645
I/cnindex:(20260):  497
I/cnValue:;(20260): -2894645
I/cnindex:(20260):  498
I/cnValue:;(20260): -2960438
I/cnindex:(20260):  499
I/cnValue:;(20260): -3092024
I/cnindex:(20260):  500
I/cnValue:;(20260): -3420732
I/cnindex:(20260):  501
I/cnValue:;(20260): -3618111
I/cnindex:(20260):  502
I/cnValue:;(20260): -3683904
I/cnindex:(20260):  503
I/cnValue:;(20260): -3420732
I/cnindex:(20260):  504
I/cnValue:;(20260): -2499630
I/cnindex:(20260):  505
I/cnValue:;(20260): -1315356
I/cnindex:(20260):  506
I/cnValue:;(20260): -854805
I/cnindex:(20260):  507
I/cnValue:;(20260): -1052184
I/cnindex:(20260):  508
I/cnValue:;(20260): -1117977
I/cnindex:(20260):  509
I/cnValue:;(20260): -1249563
I/cnindex:(20260):  510
I/cnValue:;(20260): -1381151
I/cnindex:(20260):  511
I/cnValue:;(20260): -1512737
I/cnindex:(20260):  512
I/cnValue:;(20260): -1973288
I/cnindex:(20260):  513
I/cnValue:;(20260): -1775909
I/cnindex:(20260):  514
I/cnValue:;(20260): -2170667
I/cnindex:(20260):  515
I/cnValue:;(20260): -2565425
I/cnindex:(20260):  516
I/cnValue:;(20260): -2631220
I/cnindex:(20260):  517
I/cnValue:;(20260): -2697013
I/cnindex:(20260):  518
I/cnValue:;(20260): -2697013
I/cnindex:(20260):  519
I/cnValue:;(20260): -2762806
I/cnindex:(20260):  520
I/cnValue:;(20260): -2894392
I/cnindex:(20260):  521
I/cnValue:;(20260): -2960185
I/cnindex:(20260):  522
I/cnValue:;(20260): -3025978
I/cnindex:(20260):  523
I/cnValue:;(20260): -3091771
I/cnindex:(20260):  524
I/cnValue:;(20260): -3157564
I/cnindex:(20260):  525
I/cnValue:;(20260): -3157564
I/cnindex:(20260):  526
I/cnValue:;(20260): -3223357
I/cnindex:(20260):  527
I/cnValue:;(20260): -3354943
I/cnindex:(20260):  528
I/cnValue:;(20260): -3354941
I/cnindex:(20260):  529
I/cnValue:;(20260): -3420734
I/cnindex:(20260):  530
I/cnValue:;(20260): -3552320
I/cnindex:(20260):  531
I/cnValue:;(20260): -3618113
I/cnindex:(20260):  532
I/cnValue:;(20260): -3947080
I/cnindex:(20260):  533
I/cnValue:;(20260): -3881287
I/cnindex:(20260):  534
I/cnValue:;(20260): -3420736
I/cnindex:(20260):  535
I/cnValue:;(20260): -2894392
I/cnindex:(20260):  536
I/cnValue:;(20260): -2302255
I/cnindex:(20260):  537
I/cnValue:;(20260): -1973290
I/cnindex:(20260):  538
I/cnValue:;(20260): -1841704
I/cnindex:(20260):  539
I/cnValue:;(20260): -1973290
I/cnindex:(20260):  540
I/cnValue:;(20260): -2104876
I/cnindex:(20260):  541
I/cnValue:;(20260): -2236462
I/cnindex:(20260):  542
I/cnValue:;(20260): -2302255
I/cnindex:(20260):  543
I/cnValue:;(20260): -2433841
I/cnindex:(20260):  544
I/cnValue:;(20260): -2499634
I/cnindex:(20260):  545
I/cnValue:;(20260): -2565427
I/cnindex:(20260):  546
I/cnValue:;(20260): -2631220
I/cnindex:(20260):  547
I/cnValue:;(20260): -2697013
I/cnindex:(20260):  548
I/cnValue:;(20260): -2894392
I/cnindex:(20260):  549
I/cnValue:;(20260): -2894392
I/cnindex:(20260):  550
I/cnValue:;(20260): -2960185
I/cnindex:(20260):  551
I/cnValue:;(20260): -2960185
I/cnindex:(20260):  552
I/cnValue:;(20260): -3025978
I/cnindex:(20260):  553
I/cnValue:;(20260): -3157564
I/cnindex:(20260):  554
I/cnValue:;(20260): -3223357
I/cnindex:(20260):  555
I/cnValue:;(20260): -3354943
I/cnindex:(20260):  556
I/cnValue:;(20260): -3420734
I/cnindex:(20260):  557
I/cnValue:;(20260): -3486527
I/cnindex:(20260):  558
I/cnValue:;(20260): -3552320
I/cnindex:(20260):  559
I/cnValue:;(20260): -3618113
I/cnindex:(20260):  560
I/cnValue:;(20260): -3683906
I/cnindex:(20260):  561
I/cnValue:;(20260): -3881285
I/cnindex:(20260):  562
I/cnValue:;(20260): -3947080
I/cnindex:(20260):  563
I/cnValue:;(20260): -3947080
I/cnindex:(20260):  564
I/cnValue:;(20260): -3947080
I/cnindex:(20260):  565
I/cnValue:;(20260): -3420736
I/cnindex:(20260):  566
I/cnValue:;(20260): -2762806
I/cnindex:(20260):  567
I/cnValue:;(20260): -2499634
I/cnindex:(20260):  568
I/cnValue:;(20260): -2170669
I/cnindex:(20260):  569
I/cnValue:;(20260): -2104876
I/cnindex:(20260):  570
I/cnValue:;(20260): -2170669
I/cnindex:(20260):  571
I/cnValue:;(20260): -2302255
I/cnindex:(20260):  572
I/cnValue:;(20260): -2499634
I/cnindex:(20260):  573
I/cnValue:;(20260): -2565427
I/cnindex:(20260):  574
I/cnValue:;(20260): -2697013
I/cnindex:(20260):  575
I/cnValue:;(20260): -2960185
I/cnindex:(20260):  576
I/cnValue:;(20260): -3091771
I/cnindex:(20260):  577
I/cnValue:;(20260): -3223357
I/cnindex:(20260):  578
I/cnValue:;(20260): -3420736
I/cnindex:(20260):  579
I/cnValue:;(20260): -3552322
I/cnindex:(20260):  580
I/cnValue:;(20260): -3683908
I/cnindex:(20260):  581
I/cnValue:;(20260): -3815494
I/cnindex:(20260):  582
I/cnValue:;(20260): -3815494
I/cnindex:(20260):  583
I/cnValue:;(20260): -3881287
I/cnindex:(20260):  584
I/cnValue:;(20260): -3881287
I/cnindex:(20260):  585
I/cnValue:;(20260): -3881287
I/cnindex:(20260):  586
I/cnValue:;(20260): -3947080
I/cnindex:(20260):  587
I/cnValue:;(20260): -3947080
I/cnindex:(20260):  588
I/cnValue:;(20260): -4078664
I/cnindex:(20260):  589
I/cnValue:;(20260): -4407629
I/cnindex:(20260):  590
I/cnValue:;(20260): -4539215
I/cnindex:(20260):  591
I/cnValue:;(20260): -4605008
I/cnindex:(20260):  592
I/cnValue:;(20260): -6184038
I/cnindex:(20260):  593
I/cnValue:;(20260): -6447210
I/cnindex:(20260):  594
I/cnValue:;(20260): -6908015
I/cnindex:(20260):  595
I/cnValue:;(20260): -7368566
I/cnindex:(20260):  596
I/cnValue:;(20260): -7763324
I/cnindex:(20260):  597
I/cnValue:;(20260): -7894910
I/cnindex:(20260):  598
I/cnValue:;(20260): -8026494
I/cnindex:(20260):  599
I/cnValue:;(20260): -8158080
I/cnindex:(20260):  600
I/cnValue:;(20260): -8223873
I/cnindex:(20260):  601
I/cnValue:;(20260): -8289666
I/cnindex:(20260):  602
I/cnValue:;(20260): -8289666
I/cnindex:(20260):  603
I/cnValue:;(20260): -8355459
I/cnindex:(20260):  604
I/cnValue:;(20260): -8355459
I/cnindex:(20260):  605
I/cnValue:;(20260): -8355459
I/cnindex:(20260):  606
I/cnValue:;(20260): -8355459
I/cnindex:(20260):  607
I/cnValue:;(20260): -8355459
I/cnindex:(20260):  608
I/cnValue:;(20260): -8355459
I/cnindex:(20260):  609
I/cnValue:;(20260): -8355459
I/cnindex:(20260):  610
I/cnValue:;(20260): -8355459
I/cnindex:(20260):  611
I/cnValue:;(20260): -8487045
I/cnindex:(20260):  612
I/cnValue:;(20260): -8487045
I/cnindex:(20260):  613
I/cnValue:;(20260): -8487045
I/cnindex:(20260):  614
I/cnValue:;(20260): -8552838
I/cnindex:(20260):  615
I/cnValue:;(20260): -8552838
I/cnindex:(20260):  616
I/cnValue:;(20260): -8552838
I/cnindex:(20260):  617
I/cnValue:;(20260): -8552838
I/cnindex:(20260):  618
I/cnValue:;(20260): -8552838
I/cnindex:(20260):  619
I/cnValue:;(20260): -8552838
I/cnindex:(20260):  620
I/cnValue:;(20260): -8552838
I/cnindex:(20260):  621
I/cnValue:;(20260): -8552838
I/cnindex:(20260):  622
I/cnValue:;(20260): -8618631
I/cnindex:(20260):  623
I/cnValue:;(20260): -8618631
I/cnindex:(20260):  624
I/cnValue:;(20260): -8618631
I/cnindex:(20260):  625
I/cnValue:;(20260): -8618631
I/cnindex:(20260):  626
I/cnValue:;(20260): -8618631
I/cnindex:(20260):  627
I/cnValue:;(20260): -8618631
I/cnindex:(20260):  628
I/cnValue:;(20260): -8618631
I/cnindex:(20260):  629
I/cnValue:;(20260): -8618631
I/cnindex:(20260):  630
I/cnValue:;(20260): -8684424
I/cnindex:(20260):  631
I/cnValue:;(20260): -8684424
I/cnindex:(20260):  632
I/cnValue:;(20260): -8684424
I/cnindex:(20260):  633
I/cnValue:;(20260): -8684424
I/cnindex:(20260):  634
I/cnValue:;(20260): -8684424
I/cnindex:(20260):  635
I/cnValue:;(20260): -8684424
I/cnindex:(20260):  636
I/cnValue:;(20260): -8684424
I/cnindex:(20260):  637
I/cnValue:;(20260): -8684424
I/cnindex:(20260):  638
I/cnValue:;(20260): -8750219
I/cnindex:(20260):  639
I/cnValue:;(20260): -8750219
I/cnindex:(20260):  640
I/cnValue:;(20260): -8750219
I/cnindex:(20260):  641
I/cnValue:;(20260): -8750219
I/cnindex:(20260):  642
I/cnValue:;(20260): -8750219
I/cnindex:(20260):  643
I/cnValue:;(20260): -8750219
I/cnindex:(20260):  644
I/cnValue:;(20260): -8750219
I/cnindex:(20260):  645
I/cnValue:;(20260): -8750219
I/cnindex:(20260):  646
I/cnValue:;(20260): -8750219
I/cnindex:(20260):  647
I/cnValue:;(20260): -8816012
I/cnindex:(20260):  648
I/cnValue:;(20260): -8816012
I/cnindex:(20260):  649
I/cnValue:;(20260): -8816012
I/cnindex:(20260):  650
I/cnValue:;(20260): -8816012
I/cnindex:(20260):  651
I/cnValue:;(20260): -8816012
I/cnindex:(20260):  652
I/cnValue:;(20260): -8816012
I/cnindex:(20260):  653
I/cnValue:;(20260): -8816012
I/cnindex:(20260):  654
I/cnValue:;(20260): -8816012
I/cnindex:(20260):  655
I/cnValue:;(20260): -8947598
I/cnindex:(20260):  656
I/cnValue:;(20260): -8947598
I/cnindex:(20260):  657
I/cnValue:;(20260): -8947598
I/cnindex:(20260):  658
I/cnValue:;(20260): -8947598
I/cnindex:(20260):  659
I/cnValue:;(20260): -8947598
I/cnindex:(20260):  660
I/cnValue:;(20260): -8947598
I/cnindex:(20260):  661
I/cnValue:;(20260): -8947598
I/cnindex:(20260):  662
I/cnValue:;(20260): -8947598
I/cnindex:(20260):  663
I/cnValue:;(20260): -9013391
I/cnindex:(20260):  664
I/cnValue:;(20260): -9013391
I/cnindex:(20260):  665
I/cnValue:;(20260): -9013391
I/cnindex:(20260):  666
I/cnValue:;(20260): -9013391
I/cnindex:(20260):  667
I/cnValue:;(20260): -9013391
I/cnindex:(20260):  668
I/cnValue:;(20260): -9013391
I/cnindex:(20260):  669
I/cnValue:;(20260): -9013391
I/cnindex:(20260):  670
I/cnValue:;(20260): -9013391
I/cnindex:(20260):  671
I/cnValue:;(20260): -9079184
I/cnindex:(20260):  672
I/cnValue:;(20260): -9079184
I/cnindex:(20260):  673
I/cnValue:;(20260): -9079184
I/cnindex:(20260):  674
I/cnValue:;(20260): -9079184
I/cnindex:(20260):  675
I/cnValue:;(20260): -9079184
I/cnindex:(20260):  676
I/cnValue:;(20260): -9079184
I/cnindex:(20260):  677
I/cnValue:;(20260): -9079184
I/cnindex:(20260):  678
I/cnValue:;(20260): -9079184
I/cnindex:(20260):  679
I/cnValue:;(20260): -9144977
I/cnindex:(20260):  680
I/cnValue:;(20260): -9144977
I/cnindex:(20260):  681
I/cnValue:;(20260): -9144977
I/cnindex:(20260):  682
I/cnValue:;(20260): -9144977
I/cnindex:(20260):  683
I/cnValue:;(20260): -9144977
I/cnindex:(20260):  684
I/cnValue:;(20260): -9144977
I/cnindex:(20260):  685
I/cnValue:;(20260): -9144977
I/cnindex:(20260):  686
I/cnValue:;(20260): -9144977
I/cnindex:(20260):  687
I/cnValue:;(20260): -9144977
I/cnindex:(20260):  688
I/cnValue:;(20260): -9210770
I/cnindex:(20260):  689
I/cnValue:;(20260): -9210770
I/cnindex:(20260):  690
I/cnValue:;(20260): -9210770
I/cnindex:(20260):  691
I/cnValue:;(20260): -9276563
I/cnindex:(20260):  692
I/cnValue:;(20260): -9408149
I/cnindex:(20260):  693
I/cnValue:;(20260): -9408149
I/cnindex:(20260):  694
I/cnValue:;(20260): -9408149
I/cnindex:(20260):  695
I/cnValue:;(20260): -9408149
I/cnindex:(20260):  696
I/cnValue:;(20260): -9408149
I/cnindex:(20260):  697
I/cnValue:;(20260): -9276563
I/cnindex:(20260):  698
I/cnValue:;(20260): -9276563
I/cnindex:(20260):  699
I/cnValue:;(20260): -9276563
I/cnindex:(20260):  700
I/cnValue:;(20260): -9276563
I/cnindex:(20260):  701
I/cnValue:;(20260): -9276563
I/cnindex:(20260):  702
I/cnValue:;(20260): -9408149
I/cnindex:(20260):  703
I/cnValue:;(20260): -9408149
I/cnindex:(20260):  704
I/cnValue:;(20260): -9408149
I/cnindex:(20260):  705
I/cnValue:;(20260): -9473942
I/cnindex:(20260):  706
I/cnValue:;(20260): -9473942
I/cnindex:(20260):  707
I/cnValue:;(20260): -9473942
I/cnindex:(20260):  708
I/cnValue:;(20260): -9473942
I/cnindex:(20260):  709
I/cnValue:;(20260): -9473942
I/cnindex:(20260):  710
I/cnValue:;(20260): -9539735
I/cnindex:(20260):  711
I/cnValue:;(20260): -9539735
I/cnindex:(20260):  712
I/cnValue:;(20260): -9539735
I/cnindex:(20260):  713
I/cnValue:;(20260): -9605528
I/cnindex:(20260):  714
I/cnValue:;(20260): -9605528
I/cnindex:(20260):  715
I/cnValue:;(20260): -9605528
I/cnindex:(20260):  716
I/cnValue:;(20260): -9605528
I/cnindex:(20260):  717
I/cnValue:;(20260): -9605528
I/cnindex:(20260):  718
I/cnValue:;(20260): -9605528
I/cnindex:(20260):  719
I/cnValue:;(20260): -9605528
I/cnindex:(20260):  720
I/cnValue:;(20260): -15658990
I/cnindex:(20260):  721
I/cnValue:;(20260): -15658990
I/cnindex:(20260):  722
I/cnValue:;(20260): -15658990
I/cnindex:(20260):  723
I/cnValue:;(20260): -15658990
I/cnindex:(20260):  724
I/cnValue:;(20260): -15658990
I/cnindex:(20260):  725
I/cnValue:;(20260): -15593197
I/cnindex:(20260):  726
I/cnValue:;(20260): -15789547
I/cnindex:(20260):  727
I/cnValue:;(20260): -15657961
I/cnindex:(20260):  728
I/cnValue:;(20260): -15656930
I/cnindex:(20260):  729
I/cnValue:;(20260): -15130586
I/cnindex:(20260):  730
I/cnValue:;(20260): -13616577
I/cnindex:(20260):  731
I/cnValue:;(20260): -11511201
I/cnindex:(20260):  732
I/cnValue:;(20260): -10195341
I/cnindex:(20260):  733
I/cnValue:;(20260): -9932169
I/cnindex:(20260):  734
I/cnValue:;(20260): -9603974
I/cnindex:(20260):  735
I/cnValue:;(20260): -10327697
I/cnindex:(20260):  736
I/cnValue:;(20260): -11314853
I/cnindex:(20260):  737
I/cnValue:;(20260): -12235955
I/cnindex:(20260):  738
I/cnValue:;(20260): -12960450
I/cnindex:(20260):  739
I/cnValue:;(20260): -13421001
I/cnindex:(20260):  740
I/cnValue:;(20260): -13553616
I/cnindex:(20260):  741
I/cnValue:;(20260): -14145753
I/cnindex:(20260):  742
I/cnValue:;(20260): -14080730
I/cnindex:(20260):  743
I/cnValue:;(20260): -14080730
I/cnindex:(20260):  744
I/cnValue:;(20260): -13949404
I/cnindex:(20260):  745
I/cnValue:;(20260): -13686232
I/cnindex:(20260):  746
I/cnValue:;(20260): -13554648
I/cnindex:(20260):  747
I/cnValue:;(20260): -13357269
I/cnindex:(20260):  748
I/cnValue:;(20260): -13094097
I/cnindex:(20260):  749
I/cnValue:;(20260): -12896718
I/cnindex:(20260):  750
I/cnValue:;(20260): -12502476
I/cnindex:(20260):  751
I/cnValue:;(20260): -11976132
I/cnindex:(20260):  752
I/cnValue:;(20260): -10133930
I/cnindex:(20260):  753
I/cnValue:;(20260): -7831175
I/cnindex:(20260):  754
I/cnValue:;(20260): -6712696
I/cnindex:(20260):  755
I/cnValue:;(20260): -6383731
I/cnindex:(20260):  756
I/cnValue:;(20260): -6383990
I/cnindex:(20260):  757
I/cnValue:;(20260): -6647162
I/cnindex:(20260):  758
I/cnValue:;(20260): -6712957
I/cnindex:(20260):  759
I/cnValue:;(20260): -6976129
I/cnindex:(20260):  760
I/cnValue:;(20260): -7370633
I/cnindex:(20260):  761
I/cnValue:;(20260): -7699598
I/cnindex:(20260):  762
I/cnValue:;(20260): -8028563
I/cnindex:(20260):  763
I/cnValue:;(20260): -8160149
I/cnindex:(20260):  764
I/cnValue:;(20260): -8489114
I/cnindex:(20260):  765
I/cnValue:;(20260): -8818079
I/cnindex:(20260):  766
I/cnValue:;(20260): -9081251
I/cnindex:(20260):  767
I/cnValue:;(20260): -9410216
I/cnindex:(20260):  768
I/cnValue:;(20260): -9608363
I/cnindex:(20260):  769
I/cnValue:;(20260): -10003121
I/cnindex:(20260):  770
I/cnValue:;(20260): -10266293
I/cnindex:(20260):  771
I/cnValue:;(20260): -10463672
I/cnindex:(20260):  772
I/cnValue:;(20260): -11121086
I/cnindex:(20260):  773
I/cnValue:;(20260): -11976395
I/cnindex:(20260):  774
I/cnValue:;(20260): -13160923
I/cnindex:(20260):  775
I/cnValue:;(20260): -14279404
I/cnindex:(20260):  776
I/cnValue:;(20260): -15068403
I/cnindex:(20260):  777
I/cnValue:;(20260): -15397368
I/cnindex:(20260):  778
I/cnValue:;(20260): -15791610
I/cnindex:(20260):  779
I/cnValue:;(20260): -15988989
I/cnindex:(20260):  780
I/cnValue:;(20260): -16185853
I/cnindex:(20260):  781
I/cnValue:;(20260): -16185853
I/cnindex:(20260):  782
I/cnValue:;(20260): -16251646
I/cnindex:(20260):  783
I/cnValue:;(20260): -16251646
I/cnindex:(20260):  784
I/cnValue:;(20260): -16448508
I/cnindex:(20260):  785
I/cnValue:;(20260): -16448508
I/cnindex:(20260):  786
I/cnValue:;(20260): -16448508
I/cnindex:(20260):  787
I/cnValue:;(20260): -16448508
I/cnindex:(20260):  788
I/cnValue:;(20260): -16448508
I/cnindex:(20260):  789
I/cnValue:;(20260): -16448508
I/cnindex:(20260):  790
I/cnValue:;(20260): -16448508
I/cnindex:(20260):  791
I/cnValue:;(20260): -16448508
I/cnindex:(20260):  792
I/cnValue:;(20260): -16514301
I/cnindex:(20260):  793
I/cnValue:;(20260): -16514301
I/cnindex:(20260):  794
I/cnValue:;(20260): -16514301
I/cnindex:(20260):  795
I/cnValue:;(20260): -16514301
I/cnindex:(20260):  796
I/cnValue:;(20260): -16514301
I/cnindex:(20260):  797
I/cnValue:;(20260): -16514301
I/cnindex:(20260):  798
I/cnValue:;(20260): -16580094
I/cnindex:(20260):  799
I/cnValue:;(20260): -16580094
I/cnindex:(20260):  800
I/cnValue:;(20260): -16580094
I/cnindex:(20260):  801
I/cnValue:;(20260): -16645887
I/cnindex:(20260):  802
I/cnValue:;(20260): -16645887
I/cnindex:(20260):  803
I/cnValue:;(20260): -16645887
I/cnindex:(20260):  804
I/cnValue:;(20260): -16645887
I/cnindex:(20260):  805
I/cnValue:;(20260): -16645887
I/cnindex:(20260):  806
I/cnValue:;(20260): -16645887
I/cnindex:(20260):  807
I/cnValue:;(20260): -16645887
I/cnindex:(20260):  808
I/cnValue:;(20260): -16645887
I/cnindex:(20260):  809
I/cnValue:;(20260): -16645887
I/cnindex:(20260):  810
I/cnValue:;(20260): -16645887
I/cnindex:(20260):  811
I/cnValue:;(20260): -16645887
I/cnindex:(20260):  812
I/cnValue:;(20260): -16645887
I/cnindex:(20260):  813
I/cnValue:;(20260): -16645887
I/cnindex:(20260):  814
I/cnValue:;(20260): -16645887
I/cnindex:(20260):  815
I/cnValue:;(20260): -16645887
I/cnindex:(20260):  816
I/cnValue:;(20260): -16645887
I/cnindex:(20260):  817
I/cnValue:;(20260): -16645887
I/cnindex:(20260):  818
I/cnValue:;(20260): -16645887
I/cnindex:(20260):  819
I/cnValue:;(20260): -16645887
I/cnindex:(20260):  820
I/cnValue:;(20260): -16645887
I/cnindex:(20260):  821
I/cnValue:;(20260): -16645887
I/cnindex:(20260):  822
I/cnValue:;(20260): -16645887
I/cnindex:(20260):  823
I/cnValue:;(20260): -16645887
I/cnindex:(20260):  824
I/cnValue:;(20260): -16645887
I/cnindex:(20260):  825
I/cnValue:;(20260): -16645887
I/cnindex:(20260):  826
I/cnValue:;(20260): -16645887
I/cnindex:(20260):  827
I/cnValue:;(20260): -16645887
I/cnindex:(20260):  828
I/cnValue:;(20260): -16645887
I/cnindex:(20260):  829
I/cnValue:;(20260): -16645887
I/cnindex:(20260):  830
I/cnValue:;(20260): -16645887
I/cnindex:(20260):  831
I/cnValue:;(20260): -16645887
I/cnindex:(20260):  832
I/cnValue:;(20260): -16515071
I/cnindex:(20260):  833
I/cnValue:;(20260): -16515071
I/cnindex:(20260):  834
I/cnValue:;(20260): -16515071
I/cnindex:(20260):  835
I/cnValue:;(20260): -16515071
I/cnindex:(20260):  836
I/cnValue:;(20260): -16515071
I/cnindex:(20260):  837
I/cnValue:;(20260): -16515071
I/cnindex:(20260):  838
I/cnValue:;(20260): -16515071
I/cnindex:(20260):  839
I/cnValue:;(20260): -16515071
I/cnindex:(20260):  840
I/cnValue:;(20260): -16449278
I/cnindex:(20260):  841
I/cnValue:;(20260): -16449278
I/cnindex:(20260):  842
I/cnValue:;(20260): -16449278
I/cnindex:(20260):  843
I/cnValue:;(20260): -16449278
I/cnindex:(20260):  844
I/cnValue:;(20260): -16449278
I/cnindex:(20260):  845
I/cnValue:;(20260): -16449278
I/cnindex:(20260):  846
I/cnValue:;(20260): -16449278
I/cnindex:(20260):  847
I/cnValue:;(20260): -16449278
I/cnindex:(20260):  848
I/cnValue:;(20260): -16383485
I/cnindex:(20260):  849
I/cnValue:;(20260): -16383485
I/cnindex:(20260):  850
I/cnValue:;(20260): -16383232
I/cnindex:(20260):  851
I/cnValue:;(20260): -16383232
I/cnindex:(20260):  852
I/cnValue:;(20260): -16383232
I/cnindex:(20260):  853
I/cnValue:;(20260): -16383232
I/cnindex:(20260):  854
I/cnValue:;(20260): -16383232
I/cnindex:(20260):  855
I/cnValue:;(20260): -16383232
I/cnindex:(20260):  856
I/cnValue:;(20260): -16383232
I/cnindex:(20260):  857
I/cnValue:;(20260): -16317439
I/cnindex:(20260):  858
I/cnValue:;(20260): -16317439
I/cnindex:(20260):  859
I/cnValue:;(20260): -16317439
I/cnindex:(20260):  860
I/cnValue:;(20260): -16317439
I/cnindex:(20260):  861
I/cnValue:;(20260): -16317439
I/cnindex:(20260):  862
I/cnValue:;(20260): -16317439
I/cnindex:(20260):  863
I/cnValue:;(20260): -16317439
I/cnindex:(20260):  864
I/cnValue:;(20260): -16251899
I/cnindex:(20260):  865
I/cnValue:;(20260): -16251899
I/cnindex:(20260):  866
I/cnValue:;(20260): -16251899
I/cnindex:(20260):  867
I/cnValue:;(20260): -16251899
I/cnindex:(20260):  868
I/cnValue:;(20260): -16251899
I/cnindex:(20260):  869
I/cnValue:;(20260): -16251899
I/cnindex:(20260):  870
I/cnValue:;(20260): -16251899
I/cnindex:(20260):  871
I/cnValue:;(20260): -16186106
I/cnindex:(20260):  872
I/cnValue:;(20260): -16186106
I/cnindex:(20260):  873
I/cnValue:;(20260): -16186106
I/cnindex:(20260):  874
I/cnValue:;(20260): -16054520
I/cnindex:(20260):  875
I/cnValue:;(20260): -16054520
I/cnindex:(20260):  876
I/cnValue:;(20260): -16054520
I/cnindex:(20260):  877
I/cnValue:;(20260): -16054520
I/cnindex:(20260):  878
I/cnValue:;(20260): -16054520
I/cnindex:(20260):  879
I/cnValue:;(20260): -16054520
I/cnindex:(20260):  880
I/cnValue:;(20260): -16119543
I/cnindex:(20260):  881
I/cnValue:;(20260): -16119543
I/cnindex:(20260):  882
I/cnValue:;(20260): -16119543
I/cnindex:(20260):  883
I/cnValue:;(20260): -16119543
I/cnindex:(20260):  884
I/cnValue:;(20260): -16119543
I/cnindex:(20260):  885
I/cnValue:;(20260): -16119543
I/cnindex:(20260):  886
I/cnValue:;(20260): -16119543
I/cnindex:(20260):  887
I/cnValue:;(20260): -16119543
I/cnindex:(20260):  888
I/cnValue:;(20260): -16119543
I/cnindex:(20260):  889
I/cnValue:;(20260): -16185336
I/cnindex:(20260):  890
I/cnValue:;(20260): -16185336
I/cnindex:(20260):  891
I/cnValue:;(20260): -16185336
I/cnindex:(20260):  892
I/cnValue:;(20260): -16185336
I/cnindex:(20260):  893
I/cnValue:;(20260): -16185336
I/cnindex:(20260):  894
I/cnValue:;(20260): -16185336
I/cnindex:(20260):  895
I/cnValue:;(20260): -16185336
I/cnindex:(20260):  896
I/cnValue:;(20260): -16185336
I/cnindex:(20260):  897
I/cnValue:;(20260): -16185336
I/cnindex:(20260):  898
I/cnValue:;(20260): -16185336
I/cnindex:(20260):  899
I/cnValue:;(20260): -16185336
I/cnindex:(20260):  900
I/cnValue:;(20260): -16185336
I/cnindex:(20260):  901
I/cnValue:;(20260): -16185336
I/cnindex:(20260):  902
I/cnValue:;(20260): -16119543
I/cnindex:(20260):  903
I/cnValue:;(20260): -16119543
I/cnindex:(20260):  904
I/cnValue:;(20260): -16119543
I/cnindex:(20260):  905
I/cnValue:;(20260): -16053750
I/cnindex:(20260):  906
I/cnValue:;(20260): -16053750
I/cnindex:(20260):  907
I/cnValue:;(20260): -16053750
I/cnindex:(20260):  908
I/cnValue:;(20260): -16053750
I/cnindex:(20260):  909
I/cnValue:;(20260): -16053750
I/cnindex:(20260):  910
I/cnValue:;(20260): -16053750
I/cnindex:(20260):  911
I/cnValue:;(20260): -16053750
I/cnindex:(20260):  912
I/cnValue:;(20260): -16053750
I/cnindex:(20260):  913
I/cnValue:;(20260): -15987957
I/cnindex:(20260):  914
I/cnValue:;(20260): -15987957
I/cnindex:(20260):  915
I/cnValue:;(20260): -15987957
I/cnindex:(20260):  916
I/cnValue:;(20260): -15922164
I/cnindex:(20260):  917
I/cnValue:;(20260): -15922164
I/cnindex:(20260):  918
I/cnValue:;(20260): -15922164
I/cnindex:(20260):  919
I/cnValue:;(20260): -15922164
I/cnindex:(20260):  920
I/cnValue:;(20260): -15922164
I/cnindex:(20260):  921
I/cnValue:;(20260): -15856371
I/cnindex:(20260):  922
I/cnValue:;(20260): -15856371
I/cnindex:(20260):  923
I/cnValue:;(20260): -15856371
I/cnindex:(20260):  924
I/cnValue:;(20260): -15724785
I/cnindex:(20260):  925
I/cnValue:;(20260): -15724785
I/cnindex:(20260):  926
I/cnValue:;(20260): -15724785
I/cnindex:(20260):  927
I/cnValue:;(20260): -15658992
I/cnindex:(20260):  928
I/cnValue:;(20260): -15528176
I/cnindex:(20260):  929
I/cnValue:;(20260): -15462383
I/cnindex:(20260):  930
I/cnValue:;(20260): -15462383
I/cnindex:(20260):  931
I/cnValue:;(20260): -15396590
I/cnindex:(20260):  932
I/cnValue:;(20260): -15396337
I/cnindex:(20260):  933
I/cnValue:;(20260): -15396337
I/cnindex:(20260):  934
I/cnValue:;(20260): -15396337
I/cnindex:(20260):  935
I/cnValue:;(20260): -15330544
I/cnindex:(20260):  936
I/cnValue:;(20260): -15330544
I/cnindex:(20260):  937
I/cnValue:;(20260): -15264751
I/cnindex:(20260):  938
I/cnValue:;(20260): -15264751
I/cnindex:(20260):  939
I/cnValue:;(20260): -15133165
I/cnindex:(20260):  940
I/cnValue:;(20260): -15133165
I/cnindex:(20260):  941
I/cnValue:;(20260): -15133165
I/cnindex:(20260):  942
I/cnValue:;(20260): -15133165
I/cnindex:(20260):  943
I/cnValue:;(20260): -15133165
I/cnindex:(20260):  944
I/cnValue:;(20260): -15133165
I/cnindex:(20260):  945
I/cnValue:;(20260): -15133165
I/cnindex:(20260):  946
I/cnValue:;(20260): -15067625
I/cnindex:(20260):  947
I/cnValue:;(20260): -15067625
I/cnindex:(20260):  948
I/cnValue:;(20260): -15001832
I/cnindex:(20260):  949
I/cnValue:;(20260): -15001832
I/cnindex:(20260):  950
I/cnValue:;(20260): -15001832
I/cnindex:(20260):  951
I/cnValue:;(20260): -15001832
I/cnindex:(20260):  952
I/cnValue:;(20260): -15001832
I/cnindex:(20260):  953
I/cnValue:;(20260): -15001832
I/cnindex:(20260):  954
I/cnValue:;(20260): -14936039
I/cnindex:(20260):  955
I/cnValue:;(20260): -14936039
I/cnindex:(20260):  956
I/cnValue:;(20260): -14870246
I/cnindex:(20260):  957
I/cnValue:;(20260): -14870246
I/cnindex:(20260):  958
I/cnValue:;(20260): -14870246
I/cnindex:(20260):  959
I/cnValue:;(20260): -14870246
I/cnindex:(20260):  960
I/cnValue:;(20260): -14870246
I/cnindex:(20260):  961
I/cnValue:;(20260): -14870246
I/cnindex:(20260):  962
I/cnValue:;(20260): -14804453
I/cnindex:(20260):  963
I/cnValue:;(20260): -14804453
I/cnindex:(20260):  964
I/cnValue:;(20260): -14672867
I/cnindex:(20260):  965
I/cnValue:;(20260): -14672867
I/cnindex:(20260):  966
I/cnValue:;(20260): -14606821
I/cnindex:(20260):  967
I/cnValue:;(20260): -14606821
I/cnindex:(20260):  968
I/cnValue:;(20260): -14606821
I/cnindex:(20260):  969
I/cnValue:;(20260): -14606821
I/cnindex:(20260):  970
I/cnValue:;(20260): -14606821
I/cnindex:(20260):  971
I/cnValue:;(20260): -14606821
I/cnindex:(20260):  972
I/cnValue:;(20260): -14541028
I/cnindex:(20260):  973
I/cnValue:;(20260): -14475235
I/cnindex:(20260):  974
I/cnValue:;(20260): -14475235
I/cnindex:(20260):  975
I/cnValue:;(20260): -14409442
I/cnindex:(20260):  976
I/cnValue:;(20260): -14343649
I/cnindex:(20260):  977
I/cnValue:;(20260): -14343649
I/cnindex:(20260):  978
I/cnValue:;(20260): -14212063
I/cnindex:(20260):  979
I/cnValue:;(20260): -14212063
I/cnindex:(20260):  980
I/cnValue:;(20260): -14146270
I/cnindex:(20260):  981
I/cnValue:;(20260): -14146270
I/cnindex:(20260):  982
I/cnValue:;(20260): -14211295
I/cnindex:(20260):  983
I/cnValue:;(20260): -14211295
I/cnindex:(20260):  984
I/cnValue:;(20260): -14145502
I/cnindex:(20260):  985
I/cnValue:;(20260): -14145502
I/cnindex:(20260):  986
I/cnValue:;(20260): -14079709
I/cnindex:(20260):  987
I/cnValue:;(20260): -14079709
I/cnindex:(20260):  988
I/cnValue:;(20260): -14013916
I/cnindex:(20260):  989
I/cnValue:;(20260): -14013916
I/cnindex:(20260):  990
I/cnValue:;(20260): -13882330
I/cnindex:(20260):  991
I/cnValue:;(20260): -13882330
I/cnindex:(20260):  992
I/cnValue:;(20260): -13816537
I/cnindex:(20260):  993
I/cnValue:;(20260): -13750744
I/cnindex:(20260):  994
I/cnValue:;(20260): -13750742
I/cnindex:(20260):  995
I/cnValue:;(20260): -13684949
I/cnindex:(20260):  996
I/cnValue:;(20260): -13619156
I/cnindex:(20260):  997
I/cnValue:;(20260): -13619156
I/cnindex:(20260):  998
I/cnValue:;(20260): -13619156
I/cnindex:(20260):  999
I/cnValue:;(20260): -13619156
I/InputReader(  254): Reconfiguring input devices.  changes=0x00000004
I/InputReader(  254): Device reconfigured: id=7, name='mxt224_ts_input', surface size is now 480x800, mode is 1
I/ActivityManager(  254): Config changed: {1.0 310mcc120mnc en_US sw320dp w320dp h508dp nrml long port finger -keyb/v/h -nav/h s.72}
D/dalvikvm(  254): WAIT_FOR_CONCURRENT_GC blocked 0ms
I/System.out(20260): DOB: 0
D/dalvikvm(  254): GC_EXPLICIT freed 508K, 22% free 15325K/19527K, paused 20ms+26ms, total 378ms
I/cn      (20260): SurfaceHolder.CallbackSurface Destroyed
I/CameraHardwareSec(   89): int android::CameraHardwareSec::previewThreadWrapper(): calling mSecCamera->stopPreview() and waiting
I/Choreographer(  330): Skipped 32 frames!  The application may be doing too much work on its main thread.
I/CameraHardwareSec(   89): void android::CameraHardwareSec::stopPreviewInternal() : preview not running, doing nothing
I/CameraHardwareSec(   89): int android::CameraHardwareSec::previewThreadWrapper(): return from wait
I/CameraHardwareSec(   89): int android::CameraHardwareSec::previewThreadWrapper(): exiting
W/SecCamera(   89): int android::SecCamera::stopPreview(): doing nothing because m_flag_camera_start is zero
W/SecCamera(   89): int android::SecCamera::stopRecord(): doing nothing because m_flag_record_start is zero
I/SecCamera(   89): DeinitCamera: m_cam_fd(35)
I/SecCamera(   89): DeinitCamera: m_cam_fd2(36)
E/CameraHardwareSec(   89): preview window is NULL!
I/CameraService(   89): Destroying camera 1
I/CameraHardwareSec(   89): int android::HAL_camera_device_close(hw_device_t*)
I/SecCamera(   89): DeinitCamera : already deinitialized
W/AudioFlinger(   89): session id 293 not found for pid 89
W/AudioFlinger(   89): session id 294 not found for pid 89
D/SizeAdaptiveLayout(  330): com.android.internal.widget.SizeAdaptiveLayout@417266c8child view android.widget.FrameLayout@4173e2d0 measured out of bounds at 95px clamped to 96px
D/SizeAdaptiveLayout(  330): com.android.internal.widget.SizeAdaptiveLayout@419748b8child view android.widget.FrameLayout@41976238 measured out of bounds at 95px clamped to 96px
D/SizeAdaptiveLayout(  330): com.android.internal.widget.SizeAdaptiveLayout@41801ef8child view android.widget.FrameLayout@4178f1f0 measured out of bounds at 95px clamped to 96px
D/SizeAdaptiveLayout(  330): com.android.internal.widget.SizeAdaptiveLayout@417536d8child view android.widget.FrameLayout@417b2408 measured out of bounds at 95px clamped to 96px
W/InputEventReceiver(20260): Attempted to finish an input event but the input event receiver has already been disposed.
D/dalvikvm(  330): GC_CONCURRENT freed 235K, 24% free 9589K/12615K, paused 16ms+171ms, total 592ms
W/WindowManager(  254): Window freeze timeout expired.
W/WindowManager(  254): Force clearing orientation change: Window{41aab2c8 StatusBar paused=false}
W/WindowManager(  254): Force clearing orientation change: Window{41998c48 com.example.cobra/com.example.cobra.MainActivity paused=false}
W/WindowManager(  254): Force clearing orientation change: Window{41ad8c48 com.android.wallpaper.nexus.NexusWallpaper paused=false}
I/CameraService(   89): Opening camera 1
I/CameraHardwareSec(   89): int android::HAL_camera_device_open(const hw_module_t*, char const*, hw_device_t**): open camera 1
E/SecCamera(   89): initCamera: m_cam_fd(35), m_jpeg_fd(0)
I/SecCamera(   89): Name of input channel[1] is S5KA3DFX
E/SecCamera(   89): initCamera: m_cam_fd2(36)
I/SecCamera(   89): Name of input channel[1] is S5KA3DFX
I/SecCamera(   89): initCamera : initialized
I/SecCamera(   89): Name of input channel[1] is S5KA3DFX
I/CameraHardwareSec(   89): int android::HAL_camera_device_open(const hw_module_t*, char const*, hw_device_t**): opened camera 1 (0x42068758)
I/AwesomePlayer(   89): setDataSource_l('/system/media/audio/ui/camera_click.ogg')
I/CameraHardwareSec(   89): int android::CameraHardwareSec::previewThreadWrapper(): starting
I/CameraHardwareSec(   89): int android::CameraHardwareSec::previewThreadWrapper(): calling mSecCamera->stopPreview() and waiting
W/SecCamera(   89): int android::SecCamera::stopPreview(): doing nothing because m_flag_camera_start is zero
E/WVMExtractor(   89): Failed to open libwvm.so
I/AwesomePlayer(   89): setDataSource_l('/system/media/audio/ui/VideoRecord.ogg')
E/WVMExtractor(   89): Failed to open libwvm.so
I/cn      (20260): SurfaceHolder.Callbacksurface Created
I/cn      (20260): SurfaceHolder.CallbackSurface Changed
I/cn      (20260): going into initCamera
I/cn      (20260): initCamera cyy support parameters is 
I/cn      (20260): initCamera  PictrueSize,width: 640 height480
I/cn      (20260): initCamera PreviewSize,width: 640 height480
I/cn      (20260): initCamera PreviewSize,width: 320 height240
I/cn      (20260): initCamera PreviewSize,width: 176 height144
I/cn      (20260): initCamera previewformates:17
I/cn      (20260): initCamera previewformates:842094169
D/CameraHardwareSec(   89): mPreviewHeap(fd(35), size(460800), width(640), height(480))
I/CameraHardwareSec(   89): int android::CameraHardwareSec::previewThreadWrapper(): return from wait
I/cn      (20260): initCamera after setting, previewSize:width: 640 height: 480
I/cn      (20260): initCamera after setting, pictruesize:width: 640 height: 480
I/cn      (20260): initCamera after setting, previewformate is 17
I/cn      (20260): initCamera after setting, previewFrameRate is 15
I/Choreographer(20260): Skipped 73 frames!  The application may be doing too much work on its main thread.
I/cn      (20260): going into onPreviewFrame
D/dalvikvm(20260): GC_FOR_ALLOC freed 6125K, 47% free 8504K/15751K, paused 23ms, total 26ms
I/dalvikvm-heap(20260): Grow heap (frag case) to 9.235MB for 921616-byte allocation
D/dalvikvm(20260): GC_CONCURRENT freed 20K, 41% free 9383K/15751K, paused 12ms+158ms, total 205ms
D/dalvikvm(20260): WAIT_FOR_CONCURRENT_GC blocked 2ms
I/cnRGB:::::(20260): 921600
I/System.out(20260): Hello World!
I/cn      (20260): HELLO I'm in process
I/cn      (20260): H:480, W:640
D/dalvikvm(20260): GC_FOR_ALLOC freed <1K, 38% free 9834K/15751K, paused 32ms, total 32ms
I/dalvikvm-heap(20260): Grow heap (frag case) to 10.826MB for 1228816-byte allocation
D/dalvikvm(20260): GC_CONCURRENT freed 0K, 30% free 11034K/15751K, paused 12ms+1ms, total 25ms
D/dalvikvm(20260): WAIT_FOR_CONCURRENT_GC blocked 9ms
D/dalvikvm(20260): GC_FOR_ALLOC freed <1K, 30% free 11066K/15751K, paused 14ms, total 14ms
I/dalvikvm-heap(20260): Grow heap (frag case) to 12.176MB for 1382416-byte allocation
D/dalvikvm(20260): GC_CONCURRENT freed 0K, 22% free 12416K/15751K, paused 11ms+2ms, total 31ms
D/dalvikvm(20260): WAIT_FOR_CONCURRENT_GC blocked 7ms
I/cnindex:(20260):  0
I/cnValue:;(20260): -15658990
I/cnindex:(20260):  1
I/cnValue:;(20260): -15658990
I/cnindex:(20260):  2
I/cnValue:;(20260): -15658990
I/cnindex:(20260):  3
I/cnValue:;(20260): -15658990
I/cnindex:(20260):  4
I/cnValue:;(20260): -15658990
I/cnindex:(20260):  5
I/cnValue:;(20260): -15658990
I/cnindex:(20260):  6
I/cnValue:;(20260): -15789547
I/cnindex:(20260):  7
