I/ActivityManager(  254): Killing proc 17032:com.example.cobra/u0a68: force stop
I/PackageManager(  254): Package com.example.cobra codePath changed from /data/app/com.example.cobra-1.apk to /data/app/com.example.cobra-2.apk; Retaining data and using new
I/ActivityManager(  254): Force stopping package com.example.cobra uid=10068
W/PackageManager(  254): Code path for pkg : com.example.cobra changing from /data/app/com.example.cobra-1.apk to /data/app/com.example.cobra-2.apk
W/PackageManager(  254): Resource path for pkg : com.example.cobra changing from /data/app/com.example.cobra-1.apk to /data/app/com.example.cobra-2.apk
D/BackupManagerService(  254): Now staging backup of android
I/ActivityManager(  254): Force stopping package com.example.cobra uid=10068
D/BackupManagerService(  254): Received broadcast Intent { act=android.intent.action.PACKAGE_REMOVED dat=package:com.example.cobra flg=0x8000010 (has extras) }
I/ActivityManager(  254): Start proc com.android.gallery3d for broadcast com.android.gallery3d/.app.PackagesMonitor: pid=19548 uid=10016 gids={1006, 3003, 1015, 1028}
D/BackupManagerService(  254): Received broadcast Intent { act=android.intent.action.PACKAGE_ADDED dat=package:com.example.cobra flg=0x8000010 (has extras) }
V/BackupManagerService(  254): removePackageParticipantsLocked: uid=10068 #1
V/BackupManagerService(  254): addPackageParticipantsLocked: #1
W/InputMethodManagerService(  254): Found no subtypes in a system IME: com.android.inputmethod.pinyin
I/ActivityManager(  254): Start proc com.android.keychain for broadcast com.android.keychain/.KeyChainBroadcastReceiver: pid=19562 uid=1000 gids={1015, 3002, 3001, 3003, 1028, 3007}
I/ActivityManager(  254): Start proc com.android.musicfx for broadcast com.android.musicfx/.Compatibility$Receiver: pid=19575 uid=10035 gids={3003, 3002, 1028}
I/ActivityManager(  254): Start proc com.android.vending for broadcast com.android.vending/com.google.android.finsky.receivers.PackageMonitorReceiver$RegisteredReceiver: pid=19590 uid=10042 gids={3003, 1015, 1028}
I/ActivityManager(  254): No longer want com.android.sprintmenu (pid 17096): hidden #16
W/ActivityManager(  254): Scheduling restart of crashed service com.android.sprintmenu/.HiddenPhoneService in 5000ms
I/ActivityManager(  254): No longer want com.android.calendar (pid 17112): hidden #16
I/ActivityManager(  254): Start proc com.android.voicedialer for broadcast com.android.voicedialer/.VoiceDialerReceiver: pid=19632 uid=10054 gids={3002, 1028}
I/ActivityManager(  254): No longer want com.android.deskclock (pid 17266): hidden #16
I/ActivityManager(  254): Start proc com.google.android.googlequicksearchbox for broadcast com.google.android.googlequicksearchbox/com.google.android.apps.sidekick.GmmLocationProviderImpl$GmmPackageWatcher: pid=19645 uid=10059 gids={3003, 1028, 1007, 3002, 1015}
I/ActivityManager(  254): No longer want com.android.providers.calendar (pid 17128): hidden #16
I/ActivityManager(  254): START {act=android.intent.action.MAIN cat=[android.intent.category.LAUNCHER] flg=0x10000000 cmp=com.example.cobra/.MainActivity u=0} from pid 19607
I/ActivityManager(  254): Start proc com.example.cobra for activity com.example.cobra/.MainActivity: pid=19659 uid=10068 gids={1006, 1028}
I/ActivityManager(  254): Start proc com.google.android.partnersetup for content provider com.google.android.partnersetup/.RlzAppProvider: pid=19696 uid=10022 gids={3003, 1028}
W/InputMethodManagerService(  254): Found no subtypes in a system IME: com.android.inputmethod.pinyin
I/ActivityManager(  254): Start proc com.svox.pico for broadcast com.svox.pico/.VoiceDataInstallerReceiver: pid=19723 uid=10043 gids={1015, 1028}
I/ActivityManager(  254): No longer want com.google.android.talk (pid 17229): hidden #16
I/ActivityManager(  254): Config changed: {1.0 310mcc120mnc en_US sw320dp w320dp h508dp nrml long port finger -keyb/v/h -nav/h s.60}
I/ActivityManager(  254): No longer want com.google.android.gm (pid 17067): hidden #16
I/ActivityManager(  254): Start proc com.android.sprintmenu for service com.android.sprintmenu/.HiddenPhoneService: pid=19735 uid=1001 gids={3002, 3001, 3003, 1015, 1028}
I/ActivityManager(  254): No longer want edu.buffalo.cse.phonelab.heartbeat (pid 17152): hidden #16
I/ActivityManager(  254): No longer want com.qihoo360.fileexplorer (pid 17536): hidden #16
E/PowerManagerService(  254): Excessive delay setting brightness: 152ms, mask=2
D/PhoneStatusBar(  330): disable: < expand icons alerts ticker system_info back home RECENT* clock >
D/PhoneStatusBar(  330): disable: < expand icons alerts ticker system_info BACK* HOME* RECENT CLOCK* >
I/WindowManager(  254): Lock screen displayed!
D/PhoneStatusBar(  330): disable: < expand icons alerts ticker system_info BACK HOME recent* CLOCK >
D/PhoneStatusBar(  330): disable: < expand icons alerts ticker system_info back* home* recent clock* >
W/InputMethodManagerService(  254): Window already focused, ignoring focus gain of: com.android.internal.view.IInputMethodClient$Stub$Proxy@41689400 attribute=android.view.inputmethod.EditorInfo@41c180d8
I/ActivityManager(  254): Config changed: {1.0 310mcc120mnc en_US sw320dp w533dp h294dp nrml long land finger -keyb/v/h -nav/h s.61}
W/ActivityManager(  254): No content provider found for permission revoke: file:///data/local/tmp/Cobra.apk
W/ActivityManager(  254): No content provider found for permission revoke: file:///data/local/tmp/Cobra.apk
W/PackageParser(  254): Unknown element under <manifest>: user-feature at /data/app/vmdl-1618514304.tmp Binary XML file line #25
W/PackageParser(  254): Unknown element under <manifest>: user-feature at /data/app/vmdl-1618514304.tmp Binary XML file line #26
I/ActivityManager(  254): Force stopping package com.example.cobra uid=10068
I/ActivityManager(  254): Killing proc 19659:com.example.cobra/u0a68: force stop
W/ActivityManager(  254): Force removing ActivityRecord{416859b0 com.example.cobra/.MainActivity}: app died, no saved state
I/WindowState(  254): WIN DEATH: Window{418813f0 com.example.cobra/com.example.cobra.MainActivity paused=false}
W/WindowManager(  254): Force-removing child win Window{41980598 SurfaceView paused=false} from container Window{418813f0 com.example.cobra/com.example.cobra.MainActivity paused=false}
W/WindowManager(  254): Failed looking up window
W/WindowManager(  254): java.lang.IllegalArgumentException: Requested window android.os.BinderProxy@41afe7a8 does not exist
W/WindowManager(  254): 	at com.android.server.wm.WindowManagerService.windowForClientLocked(WindowManagerService.java:7640)
W/WindowManager(  254): 	at com.android.server.wm.WindowManagerService.windowForClientLocked(WindowManagerService.java:7631)
W/WindowManager(  254): 	at com.android.server.wm.WindowState$DeathRecipient.binderDied(WindowState.java:854)
W/WindowManager(  254): 	at android.os.BinderProxy.sendDeathNotice(Binder.java:449)
W/WindowManager(  254): 	at dalvik.system.NativeStart.run(Native Method)
I/WindowState(  254): WIN DEATH: null
I/PackageManager(  254): Package com.example.cobra codePath changed from /data/app/com.example.cobra-2.apk to /data/app/com.example.cobra-1.apk; Retaining data and using new
W/InputMethodManagerService(  254): Got RemoteException sending setActive(false) notification to pid 19659 uid 10068
I/ActivityManager(  254): Force stopping package com.example.cobra uid=10068
W/PackageManager(  254): Code path for pkg : com.example.cobra changing from /data/app/com.example.cobra-2.apk to /data/app/com.example.cobra-1.apk
W/PackageManager(  254): Resource path for pkg : com.example.cobra changing from /data/app/com.example.cobra-2.apk to /data/app/com.example.cobra-1.apk
I/ActivityManager(  254): Force stopping package com.example.cobra uid=10068
D/BackupManagerService(  254): Received broadcast Intent { act=android.intent.action.PACKAGE_REMOVED dat=package:com.example.cobra flg=0x8000010 (has extras) }
D/BackupManagerService(  254): Received broadcast Intent { act=android.intent.action.PACKAGE_ADDED dat=package:com.example.cobra flg=0x8000010 (has extras) }
V/BackupManagerService(  254): removePackageParticipantsLocked: uid=10068 #1
V/BackupManagerService(  254): addPackageParticipantsLocked: #1
W/InputMethodManagerService(  254): Found no subtypes in a system IME: com.android.inputmethod.pinyin
I/ActivityManager(  254): START {act=android.intent.action.MAIN cat=[android.intent.category.LAUNCHER] flg=0x10000000 cmp=com.example.cobra/.MainActivity u=0} from pid 19825
I/ActivityManager(  254): Start proc com.example.cobra for activity com.example.cobra/.MainActivity: pid=19835 uid=10068 gids={1006, 1028}
E/PowerManagerService(  254): Excessive delay setting brightness: 146ms, mask=2
I/WindowManager(  254): No lock screen!
I/ActivityManager(  254): Config changed: {1.0 310mcc120mnc en_US sw320dp w320dp h508dp nrml long port finger -keyb/v/h -nav/h s.62}
E/PowerManagerService(  254): Excessive delay setting brightness: 146ms, mask=2
I/ActivityManager(  254): Config changed: {1.0 310mcc120mnc en_US sw320dp w533dp h294dp nrml long land finger -keyb/v/h -nav/h s.63}
E/PowerManagerService(  254): Excessive delay setting brightness: 133ms, mask=2
W/ThrottleService(  254): unable to find stats for iface rmnet0
D/PhoneStatusBar(  330): disable: < expand icons alerts ticker system_info back home RECENT* clock >
I/ActivityManager(  254): Config changed: {1.0 310mcc120mnc en_US sw320dp w320dp h508dp nrml long port finger -keyb/v/h -nav/h s.64}
D/PhoneStatusBar(  330): disable: < expand icons alerts ticker system_info BACK* HOME* RECENT CLOCK* >
I/WindowManager(  254): Lock screen displayed!
D/PhoneStatusBar(  330): disable: < expand icons alerts ticker system_info BACK HOME recent* CLOCK >
D/PhoneStatusBar(  330): disable: < expand icons alerts ticker system_info back* home* recent clock* >
W/WindowManager(  254): App freeze timeout expired.
I/ActivityManager(  254): Config changed: {1.0 310mcc120mnc en_US sw320dp w533dp h294dp nrml long land finger -keyb/v/h -nav/h s.65}
I/ActivityManager(  254): Config changed: {1.0 310mcc120mnc en_US sw320dp w320dp h508dp nrml long port finger -keyb/v/h -nav/h s.66}
W/ActivityManager(  254): Activity pause timeout for ActivityRecord{417e5a50 com.example.cobra/.MainActivity}
I/WindowManager(  254): Lock screen displayed!
W/WindowManager(  254): Window freeze timeout expired.
W/WindowManager(  254): Force clearing orientation change: Window{4168d1a8 RecentsPanel paused=false}
D/PhoneStatusBar(  330): disable: < expand icons alerts ticker system_info back home RECENT* clock >
D/PhoneStatusBar(  330): disable: < expand icons alerts ticker system_info BACK* HOME* RECENT CLOCK* >
D/PhoneStatusBar(  330): disable: < expand icons alerts ticker system_info BACK HOME recent* CLOCK >
D/PhoneStatusBar(  330): disable: < expand icons alerts ticker system_info back* home* recent clock* >
E/PowerManagerService(  254): Excessive delay setting brightness: 151ms, mask=2
D/PhoneStatusBar(  330): disable: < expand icons alerts ticker system_info back home RECENT* clock >
D/PhoneStatusBar(  330): disable: < expand icons alerts ticker system_info BACK* HOME* RECENT CLOCK* >
I/ActivityManager(  254): Start proc com.google.android.gm for service com.google.android.gm/.provider.MailIndexerService: pid=19931 uid=10018 gids={3003, 1015, 1028}
I/ActivityManager(  254): No longer want com.google.android.apps.uploader (pid 17171): hidden #16
I/ActivityManager(  254): Start proc com.android.calendar for broadcast com.android.calendar/.widget.CalendarAppWidgetService$CalendarFactory: pid=19950 uid=10005 gids={3003, 1028}
I/ActivityManager(  254): No longer want android.process.media (pid 17188): hidden #16
I/ActivityManager(  254): Start proc com.android.providers.calendar for content provider com.android.providers.calendar/.CalendarProvider2: pid=19966 uid=10006 gids={3003, 1015, 1028}
I/ActivityManager(  254): No longer want com.android.keychain (pid 19562): hidden #16
I/WindowManager(  254): Lock screen displayed!
E/PowerManagerService(  254): Excessive delay setting brightness: 153ms, mask=2
I/WindowManager(  254): Lock screen displayed!
D/PhoneStatusBar(  330): disable: < expand icons alerts ticker system_info BACK HOME recent* CLOCK >
D/PhoneStatusBar(  330): disable: < expand icons alerts ticker system_info back* home* recent clock* >
W/InputMethodManagerService(  254): Window already focused, ignoring focus gain of: com.android.internal.view.IInputMethodClient$Stub$Proxy@41dfd648 attribute=android.view.inputmethod.EditorInfo@41b812a0
I/ActivityManager(  254): No longer want com.android.gallery3d (pid 19548): hidden #16
I/ActivityManager(  254): No longer want com.google.android.partnersetup (pid 19696): hidden #16
I/ActivityManager(  254): START {act=android.intent.action.MAIN cat=[android.intent.category.LAUNCHER] flg=0x10200000 cmp=com.qihoo360.fileexplorer/.ui.index.AppEnterActivity u=0} from pid 474
I/ActivityManager(  254): Start proc com.qihoo360.fileexplorer for activity com.qihoo360.fileexplorer/.ui.index.AppEnterActivity: pid=20007 uid=10075 gids={1015, 3003, 1028}
I/ActivityManager(  254): START {cmp=com.qihoo360.fileexplorer/.ui.activity.FileExplorerHome u=0} from pid 20007
W/ActivityManager(  254): No content provider found for permission revoke: file:///data/local/tmp/Cobra.apk
W/ActivityManager(  254): No content provider found for permission revoke: file:///data/local/tmp/Cobra.apk
W/PackageParser(  254): Unknown element under <manifest>: user-feature at /data/app/vmdl1772526218.tmp Binary XML file line #25
W/PackageParser(  254): Unknown element under <manifest>: user-feature at /data/app/vmdl1772526218.tmp Binary XML file line #26
I/ActivityManager(  254): Force stopping package com.example.cobra uid=10068
I/ActivityManager(  254): Killing proc 19835:com.example.cobra/u0a68: force stop
I/PackageManager(  254): Package com.example.cobra codePath changed from /data/app/com.example.cobra-1.apk to /data/app/com.example.cobra-2.apk; Retaining data and using new
I/ActivityManager(  254): Force stopping package com.example.cobra uid=10068
W/PackageManager(  254): Code path for pkg : com.example.cobra changing from /data/app/com.example.cobra-1.apk to /data/app/com.example.cobra-2.apk
W/PackageManager(  254): Resource path for pkg : com.example.cobra changing from /data/app/com.example.cobra-1.apk to /data/app/com.example.cobra-2.apk
I/ActivityManager(  254): Force stopping package com.example.cobra uid=10068
I/ActivityManager(  254): Start proc com.android.gallery3d for broadcast com.android.gallery3d/.app.PackagesMonitor: pid=20046 uid=10016 gids={1006, 3003, 1015, 1028}
D/BackupManagerService(  254): Received broadcast Intent { act=android.intent.action.PACKAGE_REMOVED dat=package:com.example.cobra flg=0x8000010 (has extras) }
D/BackupManagerService(  254): Received broadcast Intent { act=android.intent.action.PACKAGE_ADDED dat=package:com.example.cobra flg=0x8000010 (has extras) }
V/BackupManagerService(  254): removePackageParticipantsLocked: uid=10068 #1
V/BackupManagerService(  254): addPackageParticipantsLocked: #1
I/ActivityManager(  254): Start proc com.android.keychain for broadcast com.android.keychain/.KeyChainBroadcastReceiver: pid=20061 uid=1000 gids={1015, 3002, 3001, 3003, 1028, 3007}
I/ActivityManager(  254): Start proc com.google.android.partnersetup for broadcast com.google.android.partnersetup/.RlzPingBroadcastReceiver: pid=20076 uid=10022 gids={3003, 1028}
I/ActivityManager(  254): No longer want com.google.android.gsf.login (pid 16880): hidden #16
W/InputMethodManagerService(  254): Found no subtypes in a system IME: com.android.inputmethod.pinyin
I/ActivityManager(  254): START {act=android.intent.action.MAIN cat=[android.intent.category.LAUNCHER] flg=0x10000000 cmp=com.example.cobra/.MainActivity u=0} from pid 20098
I/ActivityManager(  254): Start proc com.example.cobra for activity com.example.cobra/.MainActivity: pid=20109 uid=10068 gids={1006, 1028}
I/ActivityManager(  254): No longer want com.ttxapps.wifiadb (pid 17366): hidden #16
I/ActivityManager(  254): Start proc com.google.android.gsf.login for service com.google.android.gsf.login/com.google.android.gsf.loginservice.GoogleLoginService: pid=20138 uid=10008 gids={3003, 1015, 1028, 1007, 2001, 3006}
I/ActivityManager(  254): Process com.android.calendar (pid 19950) has died.
E/PowerManagerService(  254): Excessive delay setting brightness: 236ms, mask=2
W/ActivityManager(  254): Activity pause timeout for ActivityRecord{417e5a50 com.example.cobra/.MainActivity}
W/ActivityManager(  254): Sleep timeout!  Sleeping now.
D/PhoneStatusBar(  330): disable: < expand icons alerts ticker system_info back home RECENT* clock >
D/PhoneStatusBar(  330): disable: < expand icons alerts ticker system_info BACK* HOME* RECENT CLOCK* >
W/ActivityManager(  254): Activity stop timeout for ActivityRecord{417e5a50 com.example.cobra/.MainActivity}
I/ActivityManager(  254): Activity reported stop, but no longer stopping: ActivityRecord{417e5a50 com.example.cobra/.MainActivity}
I/WindowManager(  254): Lock screen displayed!
D/PhoneStatusBar(  330): disable: < expand icons alerts ticker system_info BACK HOME recent* CLOCK >
D/PhoneStatusBar(  330): disable: < expand icons alerts ticker system_info back* home* recent clock* >
W/ActivityManager(  254): Activity idle timeout for ActivityRecord{417e5a50 com.example.cobra/.MainActivity}
I/ActivityManager(  254): Config changed: {1.0 310mcc120mnc en_US sw320dp w533dp h294dp nrml long land finger -keyb/v/h -nav/h s.67}
W/WindowManager(  254): App freeze timeout expired.
W/WindowManager(  254): Force clearing freeze: AppWindowToken{41f63ae8 token=Token{41ac0a30 ActivityRecord{417e5a50 com.example.cobra/.MainActivity}}}
W/WindowManager(  254): Window freeze timeout expired.
W/WindowManager(  254): Force clearing orientation change: Window{41847848 com.example.cobra/com.example.cobra.MainActivity paused=false}
W/WindowManager(  254): Force clearing orientation change: Window{418813f0 SurfaceView paused=false}
W/WindowManager(  254): Force clearing orientation change: Window{41ad8c48 com.android.wallpaper.nexus.NexusWallpaper paused=false}
W/InputMethodManagerService(  254): Window already focused, ignoring focus gain of: com.android.internal.view.IInputMethodClient$Stub$Proxy@41a8a620 attribute=android.view.inputmethod.EditorInfo@41a1d750
W/ActivityManager(  254): Activity pause timeout for ActivityRecord{417e5a50 com.example.cobra/.MainActivity}
W/ActivityManager(  254): Sleep timeout!  Sleeping now.
D/PhoneStatusBar(  330): disable: < expand icons alerts ticker system_info back home RECENT* clock >
I/ActivityManager(  254): Config changed: {1.0 310mcc120mnc en_US sw320dp w320dp h508dp nrml long port finger -keyb/v/h -nav/h s.68}
D/PhoneStatusBar(  330): disable: < expand icons alerts ticker system_info BACK* HOME* RECENT CLOCK* >
W/WindowManager(  254): App freeze timeout expired.
W/WindowManager(  254): Force clearing freeze: AppWindowToken{41f63ae8 token=Token{41ac0a30 ActivityRecord{417e5a50 com.example.cobra/.MainActivity}}}
W/ActivityManager(  254): Activity stop timeout for ActivityRecord{417e5a50 com.example.cobra/.MainActivity}
I/ActivityManager(  254): Activity reported stop, but no longer stopping: ActivityRecord{417e5a50 com.example.cobra/.MainActivity}
W/WindowManager(  254): Window freeze timeout expired.
W/WindowManager(  254): Force clearing orientation change: Window{4168c2e0 com.example.cobra/com.example.cobra.MainActivity paused=false}
W/WindowManager(  254): Force clearing orientation change: Window{4168f7c8 SurfaceView paused=false}
I/ActivityManager(  254): Activity reported stop, but no longer stopping: ActivityRecord{417e5a50 com.example.cobra/.MainActivity}
W/ThrottleService(  254): unable to find stats for iface rmnet0
W/ThrottleService(  254): unable to find stats for iface rmnet0
I/ActivityManager(  254): No longer want com.android.sprintmenu (pid 19735): hidden #16
W/ActivityManager(  254): Scheduling restart of crashed service com.android.sprintmenu/.HiddenPhoneService in 5000ms
I/ActivityManager(  254): Start proc com.android.sprintmenu for service com.android.sprintmenu/.HiddenPhoneService: pid=20195 uid=1001 gids={3002, 3001, 3003, 1015, 1028}
W/ThrottleService(  254): unable to find stats for iface rmnet0
I/ActivityManager(  254): No longer want com.android.providers.calendar (pid 19966): hidden #16
I/WindowManager(  254): Lock screen displayed!
D/PhoneStatusBar(  330): disable: < expand icons alerts ticker system_info BACK HOME recent* CLOCK >
D/PhoneStatusBar(  330): disable: < expand icons alerts ticker system_info back* home* recent clock* >
W/ActivityManager(  254): No content provider found for permission revoke: file:///data/local/tmp/Cobra.apk
W/ActivityManager(  254): No content provider found for permission revoke: file:///data/local/tmp/Cobra.apk
W/PackageParser(  254): Unknown element under <manifest>: user-feature at /data/app/vmdl-252948340.tmp Binary XML file line #25
W/PackageParser(  254): Unknown element under <manifest>: user-feature at /data/app/vmdl-252948340.tmp Binary XML file line #26
I/ActivityManager(  254): Force stopping package com.example.cobra uid=10068
I/ActivityManager(  254): Killing proc 20109:com.example.cobra/u0a68: force stop
W/ActivityManager(  254): Force removing ActivityRecord{417e5a50 com.example.cobra/.MainActivity}: app died, no saved state
I/WindowState(  254): WIN DEATH: Window{41b18eb0 SurfaceView paused=false}
I/WindowState(  254): WIN DEATH: Window{41a824f8 com.example.cobra/com.example.cobra.MainActivity paused=false}
W/InputMethodManagerService(  254): Got RemoteException sending setActive(false) notification to pid 20109 uid 10068
I/PackageManager(  254): Package com.example.cobra codePath changed from /data/app/com.example.cobra-2.apk to /data/app/com.example.cobra-1.apk; Retaining data and using new
I/ActivityManager(  254): Force stopping package com.example.cobra uid=10068
W/PackageManager(  254): Code path for pkg : com.example.cobra changing from /data/app/com.example.cobra-2.apk to /data/app/com.example.cobra-1.apk
W/PackageManager(  254): Resource path for pkg : com.example.cobra changing from /data/app/com.example.cobra-2.apk to /data/app/com.example.cobra-1.apk
I/ActivityManager(  254): Force stopping package com.example.cobra uid=10068
D/BackupManagerService(  254): Received broadcast Intent { act=android.intent.action.PACKAGE_REMOVED dat=package:com.example.cobra flg=0x8000010 (has extras) }
D/BackupManagerService(  254): Received broadcast Intent { act=android.intent.action.PACKAGE_ADDED dat=package:com.example.cobra flg=0x8000010 (has extras) }
V/BackupManagerService(  254): removePackageParticipantsLocked: uid=10068 #1
V/BackupManagerService(  254): addPackageParticipantsLocked: #1
W/InputMethodManagerService(  254): Found no subtypes in a system IME: com.android.inputmethod.pinyin
I/ActivityManager(  254): START {act=android.intent.action.MAIN cat=[android.intent.category.LAUNCHER] flg=0x10000000 cmp=com.example.cobra/.MainActivity u=0} from pid 20249
I/ActivityManager(  254): Start proc com.example.cobra for activity com.example.cobra/.MainActivity: pid=20260 uid=10068 gids={1006, 1028}
I/ActivityManager(  254): Config changed: {1.0 310mcc120mnc en_US sw320dp w533dp h294dp nrml long land finger -keyb/v/h -nav/h s.69}
--------- beginning of /dev/log/main
I/cnindex:(20260):  935
I/cnValue:;(20260): -15330544
I/cnindex:(20260):  936
I/cnValue:;(20260): -15330544
I/cnindex:(20260):  937
I/cnValue:;(20260): -15264751
I/cnindex:(20260):  938
I/cnValue:;(20260): -15264751
I/cnindex:(20260):  939
I/cnValue:;(20260): -15133165
I/cnindex:(20260):  940
I/cnValue:;(20260): -15133165
I/cnindex:(20260):  941
I/cnValue:;(20260): -15133165
I/cnindex:(20260):  942
I/cnValue:;(20260): -15133165
I/cnindex:(20260):  943
I/cnValue:;(20260): -15133165
I/cnindex:(20260):  944
I/cnValue:;(20260): -15133165
I/cnindex:(20260):  945
I/cnValue:;(20260): -15133165
I/cnindex:(20260):  946
I/cnValue:;(20260): -15067625
I/cnindex:(20260):  947
I/cnValue:;(20260): -15067625
I/cnindex:(20260):  948
I/cnValue:;(20260): -15001832
I/cnindex:(20260):  949
I/cnValue:;(20260): -15001832
I/cnindex:(20260):  950
I/cnValue:;(20260): -15001832
I/cnindex:(20260):  951
I/cnValue:;(20260): -15001832
I/cnindex:(20260):  952
I/cnValue:;(20260): -15001832
I/cnindex:(20260):  953
I/cnValue:;(20260): -15001832
I/cnindex:(20260):  954
I/cnValue:;(20260): -14936039
I/cnindex:(20260):  955
I/cnValue:;(20260): -14936039
I/cnindex:(20260):  956
I/cnValue:;(20260): -14870246
I/cnindex:(20260):  957
I/cnValue:;(20260): -14870246
I/cnindex:(20260):  958
I/cnValue:;(20260): -14870246
I/cnindex:(20260):  959
I/cnValue:;(20260): -14870246
I/cnindex:(20260):  960
I/cnValue:;(20260): -14870246
I/cnindex:(20260):  961
I/cnValue:;(20260): -14870246
I/cnindex:(20260):  962
I/cnValue:;(20260): -14804453
I/cnindex:(20260):  963
I/cnValue:;(20260): -14804453
I/cnindex:(20260):  964
I/cnValue:;(20260): -14672867
I/cnindex:(20260):  965
I/cnValue:;(20260): -14672867
I/cnindex:(20260):  966
I/cnValue:;(20260): -14606821
I/cnindex:(20260):  967
I/cnValue:;(20260): -14606821
I/cnindex:(20260):  968
I/cnValue:;(20260): -14606821
I/cnindex:(20260):  969
I/cnValue:;(20260): -14606821
I/cnindex:(20260):  970
I/cnValue:;(20260): -14606821
I/cnindex:(20260):  971
I/cnValue:;(20260): -14606821
I/cnindex:(20260):  972
I/cnValue:;(20260): -14541028
I/cnindex:(20260):  973
I/cnValue:;(20260): -14475235
I/cnindex:(20260):  974
I/cnValue:;(20260): -14475235
I/cnindex:(20260):  975
I/cnValue:;(20260): -14409442
I/cnindex:(20260):  976
I/cnValue:;(20260): -14343649
I/cnindex:(20260):  977
I/cnValue:;(20260): -14343649
I/cnindex:(20260):  978
I/cnValue:;(20260): -14212063
I/cnindex:(20260):  979
I/cnValue:;(20260): -14212063
I/cnindex:(20260):  980
I/cnValue:;(20260): -14146270
I/cnindex:(20260):  981
I/cnValue:;(20260): -14146270
I/cnindex:(20260):  982
I/cnValue:;(20260): -14211295
I/cnindex:(20260):  983
I/cnValue:;(20260): -14211295
I/cnindex:(20260):  984
I/cnValue:;(20260): -14145502
I/cnindex:(20260):  985
I/cnValue:;(20260): -14145502
I/cnindex:(20260):  986
I/cnValue:;(20260): -14079709
I/cnindex:(20260):  987
I/cnValue:;(20260): -14079709
I/cnindex:(20260):  988
I/cnValue:;(20260): -14013916
I/cnindex:(20260):  989
I/cnValue:;(20260): -14013916
I/cnindex:(20260):  990
I/cnValue:;(20260): -13882330
I/cnindex:(20260):  991
I/cnValue:;(20260): -13882330
I/cnindex:(20260):  992
I/cnValue:;(20260): -13816537
I/cnindex:(20260):  993
I/cnValue:;(20260): -13750744
I/cnindex:(20260):  994
I/cnValue:;(20260): -13750742
I/cnindex:(20260):  995
I/cnValue:;(20260): -13684949
I/cnindex:(20260):  996
I/cnValue:;(20260): -13619156
I/cnindex:(20260):  997
I/cnValue:;(20260): -13619156
I/cnindex:(20260):  998
I/cnValue:;(20260): -13619156
I/cnindex:(20260):  999
I/cnValue:;(20260): -13619156
I/System.out(20260): DOB: 0
I/cn      (20260): going into onPreviewFrame
I/cnRGB:::::(20260): 921600
I/System.out(20260): Hello World!
I/cn      (20260): HELLO I'm in process
I/cn      (20260): H:480, W:640
D/dalvikvm(20260): GC_FOR_ALLOC freed 5605K, 41% free 9381K/15751K, paused 16ms, total 17ms
I/dalvikvm-heap(20260): Grow heap (frag case) to 10.384MB for 1228816-byte allocation
D/dalvikvm(20260): GC_CONCURRENT freed <1K, 33% free 10581K/15751K, paused 11ms+2ms, total 56ms
D/dalvikvm(20260): WAIT_FOR_CONCURRENT_GC blocked 44ms
D/dalvikvm(20260): WAIT_FOR_CONCURRENT_GC blocked 10ms
D/Finsky  (19590): [1] 5.onFinished: Installation state replication succeeded.
D/dalvikvm(20260): GC_FOR_ALLOC freed <1K, 30% free 11064K/15751K, paused 13ms, total 13ms
I/dalvikvm-heap(20260): Grow heap (frag case) to 12.173MB for 1382416-byte allocation
D/dalvikvm(20260): GC_CONCURRENT freed 0K, 22% free 12414K/15751K, paused 11ms+2ms, total 39ms
D/dalvikvm(20260): WAIT_FOR_CONCURRENT_GC blocked 18ms
I/cnindex:(20260):  0
I/cnValue:;(20260): -15658990
I/cnindex:(20260):  1
I/cnValue:;(20260): -15658990
I/cnindex:(20260):  2
I/cnValue:;(20260): -15658990
I/cnindex:(20260):  3
I/cnValue:;(20260): -15658990
I/cnindex:(20260):  4
I/cnValue:;(20260): -15658990
I/cnindex:(20260):  5
I/cnValue:;(20260): -15658990
I/cnindex:(20260):  6
I/cnValue:;(20260): -15789547
I/cnindex:(20260):  7
I/cnValue:;(20260): -15592168
I/cnindex:(20260):  8
I/cnValue:;(20260): -15656930
I/cnindex:(20260):  9
I/cnValue:;(20260): -14999000
I/cnindex:(20260):  10
I/cnValue:;(20260): -13353405
I/cnindex:(20260):  11
I/cnValue:;(20260): -11511201
I/cnindex:(20260):  12
I/cnValue:;(20260): -10392720
I/cnindex:(20260):  13
I/cnValue:;(20260): -10063755
I/cnindex:(20260):  14
I/cnValue:;(20260): -9406595
I/cnindex:(20260):  15
I/cnValue:;(20260): -10064525
I/cnindex:(20260):  16
I/cnValue:;(20260): -11249060
I/cnindex:(20260):  17
I/cnValue:;(20260): -12170162
I/cnindex:(20260):  18
I/cnValue:;(20260): -12828864
I/cnindex:(20260):  19
I/cnValue:;(20260): -13289415
I/cnindex:(20260):  20
I/cnValue:;(20260): -13422030
I/cnindex:(20260):  21
I/cnValue:;(20260): -14079960
I/cnindex:(20260):  22
I/cnValue:;(20260): -14014937
I/cnindex:(20260):  23
I/cnValue:;(20260): -14080730
I/cnindex:(20260):  24
I/cnValue:;(20260): -13883611
I/cnindex:(20260):  25
I/cnValue:;(20260): -13686232
I/cnindex:(20260):  26
I/cnValue:;(20260): -13488855
I/cnindex:(20260):  27
I/cnValue:;(20260): -13225683
I/cnindex:(20260):  28
I/cnValue:;(20260): -13028304
I/cnindex:(20260):  29
I/cnValue:;(20260): -12765132
I/cnindex:(20260):  30
I/cnValue:;(20260): -12568269
I/cnindex:(20260):  31
I/cnValue:;(20260): -11976132
I/cnindex:(20260):  32
I/cnValue:;(20260): -10068137
I/cnindex:(20260):  33
I/cnValue:;(20260): -7765382
I/cnindex:(20260):  34
I/cnValue:;(20260): -6712696
I/cnindex:(20260):  35
I/cnValue:;(20260): -6383731
I/cnindex:(20260):  36
I/cnValue:;(20260): -6383990
I/cnindex:(20260):  37
I/cnValue:;(20260): -6647162
I/cnindex:(20260):  38
I/cnValue:;(20260): -6712957
I/cnindex:(20260):  39
I/cnValue:;(20260): -6976129
I/cnindex:(20260):  40
I/cnValue:;(20260): -7370633
I/cnindex:(20260):  41
I/cnValue:;(20260): -7699598
I/cnindex:(20260):  42
I/cnValue:;(20260): -8028563
I/cnindex:(20260):  43
I/cnValue:;(20260): -8160149
I/cnindex:(20260):  44
I/cnValue:;(20260): -8489114
I/cnindex:(20260):  45
I/cnValue:;(20260): -8818079
I/cnindex:(20260):  46
I/cnValue:;(20260): -9081251
I/cnindex:(20260):  47
I/cnValue:;(20260): -9410216
I/cnindex:(20260):  48
I/cnValue:;(20260): -9608363
I/cnindex:(20260):  49
I/cnValue:;(20260): -10003121
I/cnindex:(20260):  50
I/cnValue:;(20260): -10266293
I/cnindex:(20260):  51
I/cnValue:;(20260): -10463672
I/cnindex:(20260):  52
I/cnValue:;(20260): -11121086
I/cnindex:(20260):  53
I/cnValue:;(20260): -11976395
I/cnindex:(20260):  54
I/cnValue:;(20260): -13160923
I/cnindex:(20260):  55
I/cnValue:;(20260): -14279404
I/cnindex:(20260):  56
I/cnValue:;(20260): -15068403
I/cnindex:(20260):  57
I/cnValue:;(20260): -15397368
I/cnindex:(20260):  58
I/cnValue:;(20260): -15791610
I/cnindex:(20260):  59
I/cnValue:;(20260): -15988989
I/cnindex:(20260):  60
I/cnValue:;(20260): -16185853
I/cnindex:(20260):  61
I/cnValue:;(20260): -16185853
I/cnindex:(20260):  62
I/cnValue:;(20260): -16251646
I/cnindex:(20260):  63
I/cnValue:;(20260): -16251646
I/cnindex:(20260):  64
I/cnValue:;(20260): -16448508
I/cnindex:(20260):  65
I/cnValue:;(20260): -16448508
I/cnindex:(20260):  66
I/cnValue:;(20260): -16448508
I/cnindex:(20260):  67
I/cnValue:;(20260): -16448508
I/cnindex:(20260):  68
I/cnValue:;(20260): -16448508
I/cnindex:(20260):  69
I/cnValue:;(20260): -16448508
I/cnindex:(20260):  70
I/cnValue:;(20260): -16448508
I/cnindex:(20260):  71
I/cnValue:;(20260): -16448508
I/cnindex:(20260):  72
I/cnValue:;(20260): -16514301
I/cnindex:(20260):  73
I/cnValue:;(20260): -16514301
I/cnindex:(20260):  74
I/cnValue:;(20260): -16514301
I/cnindex:(20260):  75
I/cnValue:;(20260): -16514301
I/cnindex:(20260):  76
I/cnValue:;(20260): -16514301
I/cnindex:(20260):  77
I/cnValue:;(20260): -16514301
I/cnindex:(20260):  78
I/cnValue:;(20260): -16580094
I/cnindex:(20260):  79
I/cnValue:;(20260): -16580094
I/cnindex:(20260):  80
I/cnValue:;(20260): -16580094
I/cnindex:(20260):  81
I/cnValue:;(20260): -16645887
I/cnindex:(20260):  82
I/cnValue:;(20260): -16645887
I/cnindex:(20260):  83
I/cnValue:;(20260): -16645887
I/cnindex:(20260):  84
I/cnValue:;(20260): -16645887
I/cnindex:(20260):  85
I/cnValue:;(20260): -16645887
I/cnindex:(20260):  86
I/cnValue:;(20260): -16645887
I/cnindex:(20260):  87
I/cnValue:;(20260): -16645887
I/cnindex:(20260):  88
I/cnValue:;(20260): -16645887
I/cnindex:(20260):  89
I/cnValue:;(20260): -16645887
I/cnindex:(20260):  90
I/cnValue:;(20260): -16645887
I/cnindex:(20260):  91
I/cnValue:;(20260): -16645887
I/cnindex:(20260):  92
I/cnValue:;(20260): -16645887
I/cnindex:(20260):  93
I/cnValue:;(20260): -16645887
I/cnindex:(20260):  94
I/cnValue:;(20260): -16645887
I/cnindex:(20260):  95
I/cnValue:;(20260): -16645887
I/cnindex:(20260):  96
I/cnValue:;(20260): -16645887
I/cnindex:(20260):  97
I/cnValue:;(20260): -16645887
I/cnindex:(20260):  98
I/cnValue:;(20260): -16645887
I/cnindex:(20260):  99
I/cnValue:;(20260): -16645887
I/cnindex:(20260):  100
I/cnValue:;(20260): -16645887
I/cnindex:(20260):  101
I/cnValue:;(20260): -16645887
I/cnindex:(20260):  102
I/cnValue:;(20260): -16645887
I/cnindex:(20260):  103
I/cnValue:;(20260): -16645887
I/cnindex:(20260):  104
I/cnValue:;(20260): -16645887
I/cnindex:(20260):  105
I/cnValue:;(20260): -16645887
I/cnindex:(20260):  106
I/cnValue:;(20260): -16645887
I/cnindex:(20260):  107
I/cnValue:;(20260): -16645887
I/cnindex:(20260):  108
I/cnValue:;(20260): -16645887
I/cnindex:(20260):  109
I/cnValue:;(20260): -16645887
I/cnindex:(20260):  110
I/cnValue:;(20260): -16645887
I/cnindex:(20260):  111
I/cnValue:;(20260): -16645887
I/cnindex:(20260):  112
I/cnValue:;(20260): -16515071
I/cnindex:(20260):  113
I/cnValue:;(20260): -16515071
I/cnindex:(20260):  114
I/cnValue:;(20260): -16515071
I/cnindex:(20260):  115
I/cnValue:;(20260): -16515071
I/cnindex:(20260):  116
I/cnValue:;(20260): -16515071
I/cnindex:(20260):  117
I/cnValue:;(20260): -16515071
I/cnindex:(20260):  118
I/cnValue:;(20260): -16515071
I/cnindex:(20260):  119
I/cnValue:;(20260): -16515071
I/cnindex:(20260):  120
I/cnValue:;(20260): -16449278
I/cnindex:(20260):  121
I/cnValue:;(20260): -16449278
I/cnindex:(20260):  122
I/cnValue:;(20260): -16449278
I/cnindex:(20260):  123
I/cnValue:;(20260): -16449278
I/cnindex:(20260):  124
I/cnValue:;(20260): -16449278
I/cnindex:(20260):  125
I/cnValue:;(20260): -16449278
I/cnindex:(20260):  126
I/cnValue:;(20260): -16449278
I/cnindex:(20260):  127
I/cnValue:;(20260): -16449278
I/cnindex:(20260):  128
I/cnValue:;(20260): -16383485
I/cnindex:(20260):  129
I/cnValue:;(20260): -16383485
I/cnindex:(20260):  130
I/cnValue:;(20260): -16383232
I/cnindex:(20260):  131
I/cnValue:;(20260): -16383232
I/cnindex:(20260):  132
I/cnValue:;(20260): -16383232
I/cnindex:(20260):  133
I/cnValue:;(20260): -16383232
I/cnindex:(20260):  134
I/cnValue:;(20260): -16383232
I/cnindex:(20260):  135
I/cnValue:;(20260): -16383232
I/cnindex:(20260):  136
I/cnValue:;(20260): -16383232
I/cnindex:(20260):  137
I/cnValue:;(20260): -16317439
I/cnindex:(20260):  138
I/cnValue:;(20260): -16317439
I/cnindex:(20260):  139
I/cnValue:;(20260): -16317439
I/cnindex:(20260):  140
I/cnValue:;(20260): -16317439
I/cnindex:(20260):  141
I/cnValue:;(20260): -16317439
I/cnindex:(20260):  142
I/cnValue:;(20260): -16317439
I/cnindex:(20260):  143
I/cnValue:;(20260): -16317439
I/cnindex:(20260):  144
I/cnValue:;(20260): -16251899
I/cnindex:(20260):  145
I/cnValue:;(20260): -16251899
I/cnindex:(20260):  146
I/cnValue:;(20260): -16251899
I/cnindex:(20260):  147
I/cnValue:;(20260): -16251899
I/cnindex:(20260):  148
I/cnValue:;(20260): -16251899
I/cnindex:(20260):  149
I/cnValue:;(20260): -16251899
I/cnindex:(20260):  150
I/cnValue:;(20260): -16251899
I/cnindex:(20260):  151
I/cnValue:;(20260): -16186106
I/cnindex:(20260):  152
I/cnValue:;(20260): -16186106
I/cnindex:(20260):  153
I/cnValue:;(20260): -16186106
I/cnindex:(20260):  154
I/cnValue:;(20260): -16054520
I/cnindex:(20260):  155
I/cnValue:;(20260): -16054520
I/cnindex:(20260):  156
I/cnValue:;(20260): -16054520
I/cnindex:(20260):  157
I/cnValue:;(20260): -16054520
I/cnindex:(20260):  158
I/cnValue:;(20260): -16054520
I/cnindex:(20260):  159
I/cnValue:;(20260): -16054520
I/cnindex:(20260):  160
I/cnValue:;(20260): -16119543
I/cnindex:(20260):  161
I/cnValue:;(20260): -16119543
I/cnindex:(20260):  162
I/cnValue:;(20260): -16119543
I/cnindex:(20260):  163
I/cnValue:;(20260): -16119543
D/dalvikvm(20260): GC_CONCURRENT freed 103K, 13% free 13732K/15751K, paused 12ms+12ms, total 47ms
I/cnindex:(20260):  164
I/cnValue:;(20260): -16119543
I/cnindex:(20260):  165
I/cnValue:;(20260): -16119543
I/cnindex:(20260):  166
I/cnValue:;(20260): -16119543
I/cnindex:(20260):  167
I/cnValue:;(20260): -16119543
I/cnindex:(20260):  168
I/cnValue:;(20260): -16119543
I/cnindex:(20260):  169
I/cnValue:;(20260): -16185336
I/cnindex:(20260):  170
I/cnValue:;(20260): -16185336
I/cnindex:(20260):  171
I/cnValue:;(20260): -16185336
I/cnindex:(20260):  172
I/cnValue:;(20260): -16185336
I/cnindex:(20260):  173
I/cnValue:;(20260): -16185336
I/cnindex:(20260):  174
I/cnValue:;(20260): -16185336
I/cnindex:(20260):  175
I/cnValue:;(20260): -16185336
I/cnindex:(20260):  176
I/cnValue:;(20260): -16185336
I/cnindex:(20260):  177
I/cnValue:;(20260): -16185336
I/cnindex:(20260):  178
I/cnValue:;(20260): -16185336
I/cnindex:(20260):  179
I/cnValue:;(20260): -16185336
I/cnindex:(20260):  180
I/cnValue:;(20260): -16185336
I/cnindex:(20260):  181
I/cnValue:;(20260): -16185336
I/cnindex:(20260):  182
I/cnValue:;(20260): -16119543
I/cnindex:(20260):  183
I/cnValue:;(20260): -16119543
I/cnindex:(20260):  184
I/cnValue:;(20260): -16119543
I/cnindex:(20260):  185
I/cnValue:;(20260): -16053750
I/cnindex:(20260):  186
I/cnValue:;(20260): -16053750
I/cnindex:(20260):  187
I/cnValue:;(20260): -16053750
I/cnindex:(20260):  188
I/cnValue:;(20260): -16053750
I/cnindex:(20260):  189
I/cnValue:;(20260): -16053750
I/cnindex:(20260):  190
I/cnValue:;(20260): -16053750
I/cnindex:(20260):  191
I/cnValue:;(20260): -16053750
I/cnindex:(20260):  192
I/cnValue:;(20260): -16053750
I/cnindex:(20260):  193
I/cnValue:;(20260): -15987957
I/cnindex:(20260):  194
I/cnValue:;(20260): -15987957
I/cnindex:(20260):  195
I/cnValue:;(20260): -15987957
I/cnindex:(20260):  196
I/cnValue:;(20260): -15922164
I/cnindex:(20260):  197
I/cnValue:;(20260): -15922164
I/cnindex:(20260):  198
I/cnValue:;(20260): -15922164
I/cnindex:(20260):  199
I/cnValue:;(20260): -15922164
I/cnindex:(20260):  200
I/cnValue:;(20260): -15922164
I/cnindex:(20260):  201
I/cnValue:;(20260): -15856371
I/cnindex:(20260):  202
I/cnValue:;(20260): -15856371
I/cnindex:(20260):  203
I/cnValue:;(20260): -15856371
I/cnindex:(20260):  204
I/cnValue:;(20260): -15724785
I/cnindex:(20260):  205
I/cnValue:;(20260): -15724785
I/cnindex:(20260):  206
I/cnValue:;(20260): -15724785
I/cnindex:(20260):  207
I/cnValue:;(20260): -15658992
I/cnindex:(20260):  208
I/cnValue:;(20260): -15528176
I/cnindex:(20260):  209
I/cnValue:;(20260): -15462383
I/cnindex:(20260):  210
I/cnValue:;(20260): -15462383
I/cnindex:(20260):  211
I/cnValue:;(20260): -15396590
I/cnindex:(20260):  212
I/cnValue:;(20260): -15396337
I/cnindex:(20260):  213
I/cnValue:;(20260): -15396337
I/cnindex:(20260):  214
I/cnValue:;(20260): -15396337
I/cnindex:(20260):  215
I/cnValue:;(20260): -15330544
I/cnindex:(20260):  216
I/cnValue:;(20260): -15330544
I/cnindex:(20260):  217
I/cnValue:;(20260): -15264751
I/cnindex:(20260):  218
I/cnValue:;(20260): -15264751
I/cnindex:(20260):  219
I/cnValue:;(20260): -15133165
I/cnindex:(20260):  220
I/cnValue:;(20260): -15133165
I/cnindex:(20260):  221
I/cnValue:;(20260): -15133165
I/cnindex:(20260):  222
I/cnValue:;(20260): -15133165
I/cnindex:(20260):  223
I/cnValue:;(20260): -15133165
I/cnindex:(20260):  224
I/cnValue:;(20260): -15133165
I/cnindex:(20260):  225
I/cnValue:;(20260): -15133165
I/cnindex:(20260):  226
I/cnValue:;(20260): -15067625
I/cnindex:(20260):  227
I/cnValue:;(20260): -15067625
I/cnindex:(20260):  228
I/cnValue:;(20260): -15001832
I/cnindex:(20260):  229
I/cnValue:;(20260): -15001832
I/cnindex:(20260):  230
I/cnValue:;(20260): -15001832
I/cnindex:(20260):  231
I/cnValue:;(20260): -15001832
I/cnindex:(20260):  232
I/cnValue:;(20260): -15001832
I/cnindex:(20260):  233
I/cnValue:;(20260): -15001832
I/cnindex:(20260):  234
I/cnValue:;(20260): -14936039
I/cnindex:(20260):  235
I/cnValue:;(20260): -14936039
I/cnindex:(20260):  236
I/cnValue:;(20260): -14870246
I/cnindex:(20260):  237
I/cnValue:;(20260): -14870246
I/cnindex:(20260):  238
I/cnValue:;(20260): -14870246
I/cnindex:(20260):  239
I/cnValue:;(20260): -14870246
I/cnindex:(20260):  240
I/cnValue:;(20260): -14870246
I/cnindex:(20260):  241
I/cnValue:;(20260): -14870246
I/cnindex:(20260):  242
I/cnValue:;(20260): -14804453
I/cnindex:(20260):  243
I/cnValue:;(20260): -14804453
I/cnindex:(20260):  244
I/cnValue:;(20260): -14672867
I/cnindex:(20260):  245
I/cnValue:;(20260): -14672867
I/cnindex:(20260):  246
I/cnValue:;(20260): -14606821
I/cnindex:(20260):  247
I/cnValue:;(20260): -14606821
I/cnindex:(20260):  248
I/cnValue:;(20260): -14606821
I/cnindex:(20260):  249
I/cnValue:;(20260): -14606821
I/cnindex:(20260):  250
I/cnValue:;(20260): -14606821
I/cnindex:(20260):  251
I/cnValue:;(20260): -14606821
I/cnindex:(20260):  252
I/cnValue:;(20260): -14541028
I/cnindex:(20260):  253
I/cnValue:;(20260): -14475235
I/cnindex:(20260):  254
I/cnValue:;(20260): -14475235
I/cnindex:(20260):  255
I/cnValue:;(20260): -14409442
I/cnindex:(20260):  256
I/cnValue:;(20260): -14343649
I/cnindex:(20260):  257
I/cnValue:;(20260): -14343649
I/cnindex:(20260):  258
I/cnValue:;(20260): -14212063
I/cnindex:(20260):  259
I/cnValue:;(20260): -14212063
I/cnindex:(20260):  260
I/cnValue:;(20260): -14146270
I/cnindex:(20260):  261
I/cnValue:;(20260): -14146270
I/cnindex:(20260):  262
I/cnValue:;(20260): -14211295
I/cnindex:(20260):  263
I/cnValue:;(20260): -14211295
I/cnindex:(20260):  264
I/cnValue:;(20260): -14145502
I/cnindex:(20260):  265
I/cnValue:;(20260): -14145502
I/cnindex:(20260):  266
I/cnValue:;(20260): -14079709
I/cnindex:(20260):  267
I/cnValue:;(20260): -14079709
I/cnindex:(20260):  268
I/cnValue:;(20260): -14013916
I/cnindex:(20260):  269
I/cnValue:;(20260): -14013916
I/cnindex:(20260):  270
I/cnValue:;(20260): -13882330
I/cnindex:(20260):  271
I/cnValue:;(20260): -13882330
I/cnindex:(20260):  272
I/cnValue:;(20260): -13816537
I/cnindex:(20260):  273
I/cnValue:;(20260): -13750744
I/cnindex:(20260):  274
I/cnValue:;(20260): -13750742
I/cnindex:(20260):  275
I/cnValue:;(20260): -13684949
I/cnindex:(20260):  276
I/cnValue:;(20260): -13619156
I/cnindex:(20260):  277
I/cnValue:;(20260): -13619156
I/cnindex:(20260):  278
I/cnValue:;(20260): -13619156
I/cnindex:(20260):  279
I/cnValue:;(20260): -13619156
I/cnindex:(20260):  280
I/cnValue:;(20260): -13619156
I/cnindex:(20260):  281
I/cnValue:;(20260): -13553363
I/cnindex:(20260):  282
I/cnValue:;(20260): -13553363
I/cnindex:(20260):  283
I/cnValue:;(20260): -13421777
I/cnindex:(20260):  284
I/cnValue:;(20260): -13355984
I/cnindex:(20260):  285
I/cnValue:;(20260): -13290191
I/cnindex:(20260):  286
I/cnValue:;(20260): -13290191
I/cnindex:(20260):  287
I/cnValue:;(20260): -13290191
I/cnindex:(20260):  288
I/cnValue:;(20260): -13159375
I/cnindex:(20260):  289
I/cnValue:;(20260): -13093582
I/cnindex:(20260):  290
I/cnValue:;(20260): -13093582
I/cnindex:(20260):  291
I/cnValue:;(20260): -13027789
I/cnindex:(20260):  292
I/cnValue:;(20260): -12961998
I/cnindex:(20260):  293
I/cnValue:;(20260): -12830412
I/cnindex:(20260):  294
I/cnValue:;(20260): -12830412
I/cnindex:(20260):  295
I/cnValue:;(20260): -12764619
I/cnindex:(20260):  296
I/cnValue:;(20260): -12698826
I/cnindex:(20260):  297
I/cnValue:;(20260): -12698826
I/cnindex:(20260):  298
I/cnValue:;(20260): -12633033
I/cnindex:(20260):  299
I/cnValue:;(20260): -12633033
I/cnindex:(20260):  300
I/cnValue:;(20260): -12567240
I/cnindex:(20260):  301
I/cnValue:;(20260): -12567240
I/cnindex:(20260):  302
I/cnValue:;(20260): -12567240
I/cnindex:(20260):  303
I/cnValue:;(20260): -12567240
I/cnindex:(20260):  304
I/cnValue:;(20260): -12501960
I/cnindex:(20260):  305
I/cnValue:;(20260): -12436167
I/cnindex:(20260):  306
I/cnValue:;(20260): -12436167
I/cnindex:(20260):  307
I/cnValue:;(20260): -12304581
I/cnindex:(20260):  308
I/cnValue:;(20260): -12238534
I/cnindex:(20260):  309
I/cnValue:;(20260): -12172741
I/cnindex:(20260):  310
I/cnValue:;(20260): -12172741
I/cnindex:(20260):  311
I/cnValue:;(20260): -12106948
I/cnindex:(20260):  312
I/cnValue:;(20260): -12106948
I/cnindex:(20260):  313
I/cnValue:;(20260): -12041155
I/cnindex:(20260):  314
I/cnValue:;(20260): -12041155
I/cnindex:(20260):  315
I/cnValue:;(20260): -12041155
I/cnindex:(20260):  316
I/cnValue:;(20260): -11975362
I/cnindex:(20260):  317
I/cnValue:;(20260): -11975362
I/cnindex:(20260):  318
I/cnValue:;(20260): -11975362
I/cnindex:(20260):  319
I/cnValue:;(20260): -11975362
I/cnindex:(20260):  320
I/cnValue:;(20260): -11975362
I/cnindex:(20260):  321
I/cnValue:;(20260): -11975362
I/cnindex:(20260):  322
I/cnValue:;(20260): -11843776
I/cnindex:(20260):  323
I/cnValue:;(20260): -11843776
I/cnindex:(20260):  324
I/cnValue:;(20260): -11843263
I/cnindex:(20260):  325
I/cnValue:;(20260): -11777470
I/cnindex:(20260):  326
I/cnValue:;(20260): -11711677
I/cnindex:(20260):  327
I/cnValue:;(20260): -11711677
I/cnindex:(20260):  328
I/cnValue:;(20260): -11645884
I/cnindex:(20260):  329
I/cnValue:;(20260): -11645884
I/cnindex:(20260):  330
I/cnValue:;(20260): -11580091
I/cnindex:(20260):  331
I/cnValue:;(20260): -11580091
I/cnindex:(20260):  332
I/cnValue:;(20260): -11580091
I/cnindex:(20260):  333
I/cnValue:;(20260): -11448505
I/cnindex:(20260):  334
I/cnValue:;(20260): -11448505
I/cnindex:(20260):  335
I/cnValue:;(20260): -11448505
I/cnindex:(20260):  336
I/cnValue:;(20260): -11382712
I/cnindex:(20260):  337
I/cnValue:;(20260): -11316919
I/cnindex:(20260):  338
I/cnValue:;(20260): -11316919
I/cnindex:(20260):  339
I/cnValue:;(20260): -11251126
I/cnindex:(20260):  340
I/cnValue:;(20260): -11185333
I/cnindex:(20260):  341
I/cnValue:;(20260): -11185333
I/cnindex:(20260):  342
I/cnValue:;(20260): -11185333
I/cnindex:(20260):  343
I/cnValue:;(20260): -11185333
I/cnindex:(20260):  344
I/cnValue:;(20260): -11185333
I/cnindex:(20260):  345
I/cnValue:;(20260): -11185333
I/cnindex:(20260):  346
I/cnValue:;(20260): -11185333
I/cnindex:(20260):  347
I/cnValue:;(20260): -11119540
I/cnindex:(20260):  348
I/cnValue:;(20260): -11119540
I/cnindex:(20260):  349
I/cnValue:;(20260): -11119540
I/cnindex:(20260):  350
I/cnValue:;(20260): -11053747
I/cnindex:(20260):  351
I/cnValue:;(20260): -11053747
I/cnindex:(20260):  352
I/cnValue:;(20260): -10922161
I/cnindex:(20260):  353
I/cnValue:;(20260): -10922161
I/cnindex:(20260):  354
I/cnValue:;(20260): -10856368
I/cnindex:(20260):  355
I/cnValue:;(20260): -10856368
I/cnindex:(20260):  356
I/cnValue:;(20260): -10790575
I/cnindex:(20260):  357
I/cnValue:;(20260): -10790575
I/cnindex:(20260):  358
I/cnValue:;(20260): -10724782
I/cnindex:(20260):  359
I/cnValue:;(20260): -10724782
I/cnindex:(20260):  360
I/cnValue:;(20260): -10658989
I/cnindex:(20260):  361
I/cnValue:;(20260): -10593196
I/cnindex:(20260):  362
I/cnValue:;(20260): -10593196
I/cnindex:(20260):  363
I/cnValue:;(20260): -10593196
I/cnindex:(20260):  364
I/cnValue:;(20260): -10461610
I/cnindex:(20260):  365
I/cnValue:;(20260): -10461610
I/cnindex:(20260):  366
I/cnValue:;(20260): -10461610
I/cnindex:(20260):  367
I/cnValue:;(20260): -10395817
I/cnindex:(20260):  368
I/cnValue:;(20260): -10395817
I/cnindex:(20260):  369
I/cnValue:;(20260): -10330024
I/cnindex:(20260):  370
I/cnValue:;(20260): -10330024
I/cnindex:(20260):  371
I/cnValue:;(20260): -10264231
I/cnindex:(20260):  372
I/cnValue:;(20260): -10198438
I/cnindex:(20260):  373
I/cnValue:;(20260): -10198438
I/cnindex:(20260):  374
I/cnValue:;(20260): -10198438
I/cnindex:(20260):  375
I/cnValue:;(20260): -10198438
I/cnindex:(20260):  376
I/cnValue:;(20260): -10132645
I/cnindex:(20260):  377
I/cnValue:;(20260): -10132645
I/cnindex:(20260):  378
I/cnValue:;(20260): -10132645
I/cnindex:(20260):  379
I/cnValue:;(20260): -10001059
I/cnindex:(20260):  380
I/cnValue:;(20260): -10001059
I/cnindex:(20260):  381
I/cnValue:;(20260): -10001059
I/cnindex:(20260):  382
I/cnValue:;(20260): -10001059
I/cnindex:(20260):  383
I/cnValue:;(20260): -10001059
I/cnindex:(20260):  384
I/cnValue:;(20260): -10001059
I/cnindex:(20260):  385
I/cnValue:;(20260): -9935266
I/cnindex:(20260):  386
I/cnValue:;(20260): -9935520
I/cnindex:(20260):  387
I/cnValue:;(20260): -9935520
I/cnindex:(20260):  388
I/cnValue:;(20260): -10000543
I/cnindex:(20260):  389
I/cnValue:;(20260): -10000543
I/cnindex:(20260):  390
I/cnValue:;(20260): -10000543
I/cnindex:(20260):  391
I/cnValue:;(20260): -10000543
I/cnindex:(20260):  392
I/cnValue:;(20260): -9934750
I/cnindex:(20260):  393
I/cnValue:;(20260): -9934750
I/cnindex:(20260):  394
I/cnValue:;(20260): -9868957
I/cnindex:(20260):  395
I/cnValue:;(20260): -9868957
I/cnindex:(20260):  396
I/cnValue:;(20260): -9803164
I/cnindex:(20260):  397
I/cnValue:;(20260): -9803164
I/cnindex:(20260):  398
I/cnValue:;(20260): -9803164
I/cnindex:(20260):  399
I/cnValue:;(20260): -9803164
I/cnindex:(20260):  400
I/cnValue:;(20260): -9540762
I/cnindex:(20260):  401
I/cnValue:;(20260): -9540762
I/cnindex:(20260):  402
I/cnValue:;(20260): -9540762
I/cnindex:(20260):  403
I/cnValue:;(20260): -9474969
I/cnindex:(20260):  404
I/cnValue:;(20260): -9474715
I/cnindex:(20260):  405
I/cnValue:;(20260): -9474715
I/cnindex:(20260):  406
I/cnValue:;(20260): -9474715
I/cnindex:(20260):  407
I/cnValue:;(20260): -9474715
I/cnindex:(20260):  408
I/cnValue:;(20260): -9408922
I/cnindex:(20260):  409
I/cnValue:;(20260): -9408922
I/cnindex:(20260):  410
